
######################################################################
# Feature Codec Experiment (OrthogonalTransform + PQ)
# layer=blk15 (idx=15), K=8, emb=32, bt=1024
# transform: all trainable
# epochs=100, lr=0.0003, λ=0.0, τ=0.5→0.005
# max_train=5000, batch=32
# 2026-02-25 13:53:20
######################################################################

Data: train=5000, test=500
  并行加载特征 (workers=8)...
Loading:   0%|          | 0/5000 [00:00<?, ?it/s]Loading:   7%|▋         | 346/5000 [00:00<00:01, 3381.74it/s]Loading:  14%|█▎        | 685/5000 [00:00<00:01, 3337.11it/s]Loading:  20%|██        | 1019/5000 [00:00<00:01, 3241.78it/s]Loading:  27%|██▋       | 1344/5000 [00:00<00:01, 3182.80it/s]Loading:  33%|███▎      | 1663/5000 [00:00<00:01, 3180.57it/s]Loading:  40%|███▉      | 1999/5000 [00:00<00:00, 3232.04it/s]Loading:  46%|████▋     | 2325/5000 [00:00<00:00, 3231.05it/s]Loading:  53%|█████▎    | 2649/5000 [00:00<00:00, 3196.32it/s]Loading:  60%|█████▉    | 2977/5000 [00:00<00:00, 3215.09it/s]Loading:  66%|██████▌   | 3299/5000 [00:01<00:00, 3194.14it/s]Loading:  72%|███████▏  | 3619/5000 [00:01<00:00, 3172.79it/s]Loading:  79%|███████▉  | 3940/5000 [00:01<00:00, 3174.67it/s]Loading:  85%|████████▌ | 4258/5000 [00:01<00:00, 3167.32it/s]Loading:  92%|█████████▏| 4575/5000 [00:01<00:00, 3152.73it/s]Loading:  98%|█████████▊| 4891/5000 [00:01<00:00, 3009.74it/s]Loading: 100%|██████████| 5000/5000 [00:01<00:00, 3154.55it/s]
  并行加载特征 (workers=8)...
Loading:   0%|          | 0/500 [00:00<?, ?it/s]Loading:  64%|██████▍   | 321/500 [00:00<00:00, 3191.06it/s]Loading: 100%|██████████| 500/500 [00:00<00:00, 3223.69it/s]
  D=1024, D'=1024, T=257, G=32, d=32
  bits/token=96

Loading CLIP ViT-L/14 (classnames=/data4/workspace/zlt/CPAO_cls/dataset/imagenet/classnames.txt)...
  Tail: 8 blocks (blk16..blk23) + norm

============================================================
  [Standard OPQ] baseline
============================================================
    OPQ done: MSE=0.12018425 (24.2s)
  * Standard OPQ Acc = 0.4220
  * Standard OPQ ΔL_ref = 163856.1

============================================================
  [Codec] K=8, λ=0.0, bt=1024, epochs=100, τ=0.5→0.005
============================================================
  Warm-start from OPQ (transform + codebooks)
  Trainable params: 531,968
  Orthogonal transform: ||R'R-I||=9.56e-04
  Soft PQ: τ 0.50 → 0.0050 (exponential)
  Pre-computing teacher outputs (5000 images)...
  Teacher cache: 5.3 GB CPU (16.1s)
  ep   0/100  D=131617.0  ppl=7.4  τ=0.5000  val=120430.0  (26.1s)
  ep  10/100  D=108351.8  ppl=7.6  τ=0.3140  val=105781.7  (25.1s)
  ep  20/100  D=105312.2  ppl=7.6  τ=0.1972  val=102776.6  (25.3s)
  ep  30/100  D=103511.8  ppl=7.6  τ=0.1239  val=101212.6  (25.0s)
  ep  40/100  D=102116.3  ppl=7.6  τ=0.0778  val=100105.5  (24.9s)
  ep  50/100  D=101003.0  ppl=7.6  τ=0.0489  val=99214.5  (25.6s)
  ep  60/100  D=100027.6  ppl=7.6  τ=0.0307  val=98480.5  (26.4s)
  ep  70/100  D=99127.8  ppl=7.6  τ=0.0193  val=97690.1  (25.8s)
  ep  80/100  D=98288.4  ppl=7.6  τ=0.0121  val=97071.1  (25.6s)
  ep  90/100  D=97628.3  ppl=7.6  τ=0.0076  val=96502.8  (26.2s)
  ep  99/100  D=97339.9  ppl=7.6  τ=0.0050  val=96291.4  (25.6s)
  Codec training: 2591.7s
  * Codec Acc = 0.6800 (d=+0.2580)
  * Codec ΔL_ref = 104717.6 (d=-59138.5)
  Computing train histogram PMF...
  * Rate: xent=93.25  xent_train=93.25  H_emp=93.09  max=96  rANS=93.25  rANS_train=93.25  bits/token

============================================================
  Summary: blk15 K=8 emb=32  bt=1024
  bits/token: OPQ=96 (G=32)  codec=96 (G=32)
  Standard OPQ  Acc=0.4220  ΔL_ref=163856.1
  Codec         Acc=0.6800  ΔL_ref=104717.6
  Δ(Acc)=+0.2580  Δ(ΔL_ref)=-59138.5
  Rate: xent=93.25  xent_train=93.25  H_emp=93.09  max=96  rANS=93.25 bits/token
  Train time: std=24.2s  codec=2591.7s
============================================================

Results saved: /data4/workspace/zlt/featcodec/coding/vq/v3.4/results/soft_pq/clip_vitl14/blk15_K8_emb32_bt1024_ws_tau0.5_lr0.0003_ep100_n5000_s42.json
