
######################################################################
# Feature Codec Experiment (OrthogonalTransform + PQ)
# layer=blk15 (idx=15), K=16, emb=32, bt=1024
# transform: all trainable
# epochs=100, lr=0.0003, λ=0.5, τ=0.5→0.005
# max_train=5000, batch=32
# 2026-02-24 06:33:41
######################################################################

Data: train=5000, test=500
  并行加载特征 (workers=16)...
Loading:   0%|          | 0/5000 [00:00<?, ?it/s]Loading:  87%|████████▋ | 4355/5000 [00:00<00:00, 40716.22it/s]Loading: 100%|██████████| 5000/5000 [00:00<00:00, 12439.64it/s]
  并行加载特征 (workers=16)...
Loading:   0%|          | 0/500 [00:00<?, ?it/s]Loading:  46%|████▌     | 229/500 [00:00<00:00, 2226.61it/s]Loading:  90%|█████████ | 452/500 [00:00<00:00, 2158.64it/s]Loading: 100%|██████████| 500/500 [00:00<00:00, 2217.13it/s]
  D=1024, D'=1024, T=257, G=32, d=32
  bits/token=128

Loading CLIP ViT-L/14 (classnames=/data4/workspace/zlt/CPAO_cls/dataset/imagenet/classnames.txt)...
  Tail: 8 blocks (blk16..blk23) + norm

============================================================
  [Standard OPQ] baseline
============================================================
    OPQ done: MSE=0.10701255 (24.3s)
    OPQ empirical ppl=14.4 (for prior init)
  * Standard OPQ Acc = 0.5040
  * Standard OPQ ΔL_ref = 145440.2

============================================================
  [Codec] K=16, λ=0.5, bt=1024, epochs=100, τ=0.5→0.005
============================================================
  Warm-start from OPQ (transform + codebooks)
  log_prior init from OPQ empirical frequency
  Trainable params: 540,672
  Orthogonal transform: ||R'R-I||=9.61e-04
  Soft PQ: τ 0.50 → 0.0050 (exponential)
  Pre-computing teacher outputs (5000 images)...
  Teacher cache: 5.3 GB CPU (17.1s)
  ep   0/100  D=135621.3  ppl=8.0  R=110.37b/t  λD=67810.6  dead=0  τ=0.5000  val=121690.0  (27.0s)
  ep  10/100  D=100575.1  ppl=13.3  R=121.46b/t  λD=50287.6  dead=0  τ=0.3140  val=98300.0  (25.9s)
  ep  20/100  D=96405.2  ppl=13.8  R=122.43b/t  λD=48202.6  dead=1  τ=0.1972  val=94427.6  (25.8s)
  ep  30/100  D=94142.4  ppl=13.8  R=122.53b/t  λD=47071.2  dead=1  τ=0.1239  val=92193.2  (25.9s)
  ep  40/100  D=92476.6  ppl=13.8  R=122.51b/t  λD=46238.3  dead=1  τ=0.0778  val=90805.5  (25.9s)
  ep  50/100  D=91176.6  ppl=13.8  R=122.48b/t  λD=45588.3  dead=1  τ=0.0489  val=89628.8  (25.6s)
  ep  60/100  D=90097.7  ppl=13.8  R=122.46b/t  λD=45048.9  dead=1  τ=0.0307  val=88750.1  (26.1s)
  ep  70/100  D=89136.7  ppl=13.8  R=122.42b/t  λD=44568.4  dead=1  τ=0.0193  val=87977.0  (26.0s)
  ep  80/100  D=88327.2  ppl=13.8  R=122.43b/t  λD=44163.6  dead=1  τ=0.0121  val=87274.8  (26.0s)
  ep  90/100  D=87690.7  ppl=13.8  R=122.42b/t  λD=43845.3  dead=1  τ=0.0076  val=86775.6  (26.0s)
  ep  99/100  D=87416.2  ppl=13.8  R=122.42b/t  λD=43708.1  dead=1  τ=0.0050  val=86562.6  (25.7s)
  Codec training: 2667.8s
  * Codec Acc = 0.7320 (d=+0.2280)
  * Codec ΔL_ref = 96538.0 (d=-48902.2)
  Computing train histogram PMF...
  * Rate: xent=122.48  xent_train=121.19  H_emp=120.96  max=128  rANS=122.48  rANS_train=121.20  bits/token

============================================================
  Summary: blk15 K=16 emb=32  bt=1024
  bits/token: OPQ=128 (G=32)  codec=128 (G=32)
  Standard OPQ  Acc=0.5040  ΔL_ref=145440.2
  Codec         Acc=0.7320  ΔL_ref=96538.0
  Δ(Acc)=+0.2280  Δ(ΔL_ref)=-48902.2
  Rate: xent=122.48  xent_train=121.19  H_emp=120.96  max=128  rANS=122.48 bits/token
  Train time: std=24.3s  codec=2667.8s
============================================================

Results saved: /data4/workspace/zlt/featcodec/coding/vq/v3.4/results/soft_pq/blk15_K16_emb32_bt1024_ws_lmbda0.5_tau0.5_lr0.0003_ep100_n5000_s42.json
