
######################################################################
# Feature Codec Experiment (OrthogonalTransform + PQ)
# layer=blk10 (idx=10), K=64, emb=16, bt=1024
# transform: all trainable
# epochs=100, lr=0.0003, λ=0.5, τ=0.5→0.005
# max_train=5000, batch=32
# 2026-02-24 10:14:01
######################################################################

Data: train=5000, test=500
  并行加载特征 (workers=16)...
Loading:   0%|          | 0/5000 [00:00<?, ?it/s]Loading:  85%|████████▍ | 4239/5000 [00:00<00:00, 41956.20it/s]Loading: 100%|██████████| 5000/5000 [00:00<00:00, 12459.26it/s]
  并行加载特征 (workers=16)...
Loading:   0%|          | 0/500 [00:00<?, ?it/s]Loading:  60%|█████▉    | 299/500 [00:00<00:00, 2862.47it/s]Loading: 100%|██████████| 500/500 [00:00<00:00, 3005.95it/s]
  D=1024, D'=1024, T=257, G=64, d=16
  bits/token=384

Loading CLIP ViT-L/14 (classnames=/data4/workspace/zlt/CPAO_cls/dataset/imagenet/classnames.txt)...
  Tail: 13 blocks (blk11..blk23) + norm

============================================================
  [Standard OPQ] baseline
============================================================
    OPQ done: MSE=0.28946698 (183.8s)
    OPQ empirical ppl=61.9 (for prior init)
  * Standard OPQ Acc = 0.7800
  * Standard OPQ ΔL_ref = 76696.3

============================================================
  [Codec] K=64, λ=0.5, bt=1024, epochs=100, τ=0.5→0.005
============================================================
  Warm-start from OPQ (transform + codebooks)
  log_prior init from OPQ empirical frequency
  Trainable params: 593,408
  Orthogonal transform: ||R'R-I||=6.47e-04
  Soft PQ: τ 0.50 → 0.0050 (exponential)
  Pre-computing teacher outputs (5000 images)...
  Teacher cache: 5.3 GB CPU (108.6s)
  ep   0/100  D=62980.1  ppl=51.0  R=372.36b/t  λD=31490.0  dead=0  τ=0.5000  val=54629.5  (40.1s)
  ep  10/100  D=46189.3  ppl=53.7  R=373.50b/t  λD=23094.7  dead=0  τ=0.3140  val=43901.3  (39.7s)
  ep  20/100  D=43325.6  ppl=54.2  R=373.09b/t  λD=21662.8  dead=0  τ=0.1972  val=41581.8  (42.9s)
  ep  30/100  D=41808.9  ppl=54.2  R=372.65b/t  λD=20904.5  dead=0  τ=0.1239  val=40286.6  (39.9s)
  ep  40/100  D=40837.4  ppl=54.2  R=372.31b/t  λD=20418.7  dead=0  τ=0.0778  val=39549.0  (39.9s)
  ep  50/100  D=39923.2  ppl=54.2  R=372.09b/t  λD=19961.6  dead=0  τ=0.0489  val=38612.4  (39.8s)
  ep  60/100  D=38877.3  ppl=54.2  R=371.96b/t  λD=19438.6  dead=0  τ=0.0307  val=37779.8  (40.3s)
  ep  70/100  D=37629.0  ppl=54.2  R=371.91b/t  λD=18814.5  dead=0  τ=0.0193  val=36614.6  (40.5s)
  ep  80/100  D=36222.2  ppl=54.2  R=371.86b/t  λD=18111.1  dead=0  τ=0.0121  val=35380.0  (39.6s)
  ep  90/100  D=34890.3  ppl=54.2  R=371.84b/t  λD=17445.1  dead=0  τ=0.0076  val=34155.4  (39.5s)
  ep  99/100  D=34221.7  ppl=54.2  R=371.83b/t  λD=17110.8  dead=0  τ=0.0050  val=33612.5  (39.5s)
  Codec training: 4210.2s
  * Codec Acc = 0.7920 (d=+0.0120)
  * Codec ΔL_ref = 49676.3 (d=-27020.0)
  Computing train histogram PMF...
  * Rate: xent=371.87  xent_train=368.51  H_emp=368.31  max=384  rANS=371.92  rANS_train=368.56  bits/token

============================================================
  Summary: blk10 K=64 emb=16  bt=1024
  bits/token: OPQ=384 (G=64)  codec=384 (G=64)
  Standard OPQ  Acc=0.7800  ΔL_ref=76696.3
  Codec         Acc=0.7920  ΔL_ref=49676.3
  Δ(Acc)=+0.0120  Δ(ΔL_ref)=-27020.0
  Rate: xent=371.87  xent_train=368.51  H_emp=368.31  max=384  rANS=371.92 bits/token
  Train time: std=183.8s  codec=4210.2s
============================================================

Results saved: /data4/workspace/zlt/featcodec/coding/vq/v3.4/results/soft_pq/blk10_K64_emb16_bt1024_ws_lmbda0.5_tau0.5_lr0.0003_ep100_n5000_s42.json
