
######################################################################
# Feature Codec Experiment (OrthogonalTransform + PQ)
# layer=blk10 (idx=10), K=256, emb=16, bt=1024
# transform: all trainable
# epochs=100, lr=0.0003, λ=0.5, τ=0.5→0.005
# max_train=5000, batch=32
# 2026-02-24 12:11:36
######################################################################

Data: train=5000, test=500
  并行加载特征 (workers=16)...
Loading:   0%|          | 0/5000 [00:00<?, ?it/s]Loading:  61%|██████    | 3039/5000 [00:00<00:00, 29306.45it/s]Loading: 100%|██████████| 5000/5000 [00:00<00:00, 6108.55it/s] 
  并行加载特征 (workers=16)...
Loading:   0%|          | 0/500 [00:00<?, ?it/s]Loading:  55%|█████▌    | 276/500 [00:00<00:00, 2750.21it/s]Loading: 100%|██████████| 500/500 [00:00<00:00, 2810.37it/s]
  D=1024, D'=1024, T=257, G=64, d=16
  bits/token=512

Loading CLIP ViT-L/14 (classnames=/data4/workspace/zlt/CPAO_cls/dataset/imagenet/classnames.txt)...
  Tail: 13 blocks (blk11..blk23) + norm

============================================================
  [Standard OPQ] baseline
============================================================
    OPQ done: MSE=0.23468100 (152.4s)
    OPQ empirical ppl=245.1 (for prior init)
  * Standard OPQ Acc = 0.7840
  * Standard OPQ ΔL_ref = 58455.0

============================================================
  [Codec] K=256, λ=0.5, bt=1024, epochs=100, τ=0.5→0.005
============================================================
  Warm-start from OPQ (transform + codebooks)
  log_prior init from OPQ empirical frequency
  Trainable params: 802,304
  Orthogonal transform: ||R'R-I||=5.29e-04
  Soft PQ: τ 0.50 → 0.0050 (exponential)
  Pre-computing teacher outputs (5000 images)...
  Teacher cache: 5.3 GB CPU (228.6s)
  ep   0/100  D=54073.5  ppl=144.2  R=488.39b/t  λD=27036.8  dead=21  τ=0.5000  val=46811.4  (44.4s)
  ep  10/100  D=39744.2  ppl=159.1  R=488.82b/t  λD=19872.1  dead=22  τ=0.3140  val=38119.2  (44.5s)
  ep  20/100  D=37013.3  ppl=160.5  R=486.67b/t  λD=18506.7  dead=25  τ=0.1972  val=35516.6  (44.5s)
  ep  30/100  D=35428.1  ppl=159.9  R=484.78b/t  λD=17714.0  dead=36  τ=0.1239  val=34065.9  (44.8s)
  ep  40/100  D=34367.1  ppl=159.1  R=483.39b/t  λD=17183.5  dead=62  τ=0.0778  val=33095.8  (44.7s)
  ep  50/100  D=33397.0  ppl=158.4  R=482.41b/t  λD=16698.5  dead=105  τ=0.0489  val=32161.4  (44.6s)
  ep  60/100  D=32316.4  ppl=158.0  R=481.81b/t  λD=16158.2  dead=137  τ=0.0307  val=31255.0  (44.8s)
  ep  70/100  D=31102.8  ppl=157.9  R=481.50b/t  λD=15551.4  dead=160  τ=0.0193  val=30143.9  (44.7s)
  ep  80/100  D=29780.6  ppl=157.7  R=481.31b/t  λD=14890.3  dead=170  τ=0.0121  val=28953.0  (44.6s)
  ep  90/100  D=28539.6  ppl=157.7  R=481.24b/t  λD=14269.8  dead=173  τ=0.0076  val=27889.3  (44.6s)
  ep  99/100  D=27954.3  ppl=157.7  R=481.22b/t  λD=13977.1  dead=174  τ=0.0050  val=27403.0  (44.6s)
  Codec training: 4906.9s
  * Codec Acc = 0.7960 (d=+0.0120)
  * Codec ΔL_ref = 44068.8 (d=-14386.2)
  Computing train histogram PMF...
  * Rate: xent=481.11  xent_train=466.22  H_emp=465.88  max=512  rANS=481.23  rANS_train=466.39  bits/token

============================================================
  Summary: blk10 K=256 emb=16  bt=1024
  bits/token: OPQ=512 (G=64)  codec=512 (G=64)
  Standard OPQ  Acc=0.7840  ΔL_ref=58455.0
  Codec         Acc=0.7960  ΔL_ref=44068.8
  Δ(Acc)=+0.0120  Δ(ΔL_ref)=-14386.2
  Rate: xent=481.11  xent_train=466.22  H_emp=465.88  max=512  rANS=481.23 bits/token
  Train time: std=152.4s  codec=4906.9s
============================================================

Results saved: /data4/workspace/zlt/featcodec/coding/vq/v3.4/results/soft_pq/blk10_K256_emb16_bt1024_ws_lmbda0.5_tau0.5_lr0.0003_ep100_n5000_s42.json
