
######################################################################
# Feature Codec Experiment (OrthogonalTransform + PQ)
# layer=blk05 (idx=5), K=16, emb=32, bt=1024
# transform: all trainable
# epochs=100, lr=0.0003, λ=0.5, τ=0.5→0.005
# max_train=5000, batch=32
# 2026-02-24 11:30:54
######################################################################

Data: train=5000, test=500
  并行加载特征 (workers=16)...
Loading:   0%|          | 0/5000 [00:00<?, ?it/s]Loading: 100%|██████████| 5000/5000 [00:00<00:00, 67354.79it/s]
  并行加载特征 (workers=16)...
Loading:   0%|          | 0/500 [00:00<?, ?it/s]Loading:  58%|█████▊    | 290/500 [00:00<00:00, 2863.36it/s]Loading: 100%|██████████| 500/500 [00:00<00:00, 2927.84it/s]
  D=1024, D'=1024, T=257, G=32, d=32
  bits/token=128

Loading CLIP ViT-L/14 (classnames=/data4/workspace/zlt/CPAO_cls/dataset/imagenet/classnames.txt)...
  Tail: 18 blocks (blk6..blk23) + norm

============================================================
  [Standard OPQ] baseline
============================================================
    OPQ done: MSE=0.34671399 (333.6s)
    OPQ empirical ppl=15.2 (for prior init)
  * Standard OPQ Acc = 0.6520
  * Standard OPQ ΔL_ref = 178292.2

============================================================
  [Codec] K=16, λ=0.5, bt=1024, epochs=100, τ=0.5→0.005
============================================================
  Warm-start from OPQ (transform + codebooks)
  log_prior init from OPQ empirical frequency
  Trainable params: 540,672
  Orthogonal transform: ||R'R-I||=5.57e-04
  Soft PQ: τ 0.50 → 0.0050 (exponential)
  Pre-computing teacher outputs (5000 images)...
  Teacher cache: 5.3 GB CPU (35.8s)
  ep   0/100  D=130376.8  ppl=14.8  R=124.89b/t  λD=65188.4  dead=0  τ=0.5000  val=119111.2  (52.5s)
  ep  10/100  D=112457.6  ppl=14.6  R=124.68b/t  λD=56228.8  dead=0  τ=0.3140  val=109275.8  (52.0s)
  ep  20/100  D=111197.5  ppl=14.5  R=124.74b/t  λD=55598.8  dead=0  τ=0.1972  val=107394.4  (52.0s)
  ep  30/100  D=110469.6  ppl=14.4  R=124.54b/t  λD=55234.8  dead=0  τ=0.1239  val=107362.4  (52.1s)
  ep  40/100  D=110443.1  ppl=14.3  R=124.49b/t  λD=55221.5  dead=0  τ=0.0778  val=107535.7  (52.0s)
  ep  50/100  D=109244.5  ppl=14.4  R=124.65b/t  λD=54622.3  dead=0  τ=0.0489  val=106757.6  (52.1s)
  ep  60/100  D=108312.1  ppl=14.3  R=124.54b/t  λD=54156.0  dead=0  τ=0.0307  val=105540.6  (52.3s)
  ep  70/100  D=106924.4  ppl=14.4  R=124.51b/t  λD=53462.2  dead=0  τ=0.0193  val=104582.1  (53.2s)
  ep  80/100  D=105349.9  ppl=14.5  R=124.56b/t  λD=52675.0  dead=0  τ=0.0121  val=103207.3  (52.9s)
  ep  90/100  D=103840.6  ppl=14.5  R=124.58b/t  λD=51920.3  dead=0  τ=0.0076  val=101668.9  (52.8s)
  ep  99/100  D=102338.7  ppl=14.5  R=124.58b/t  λD=51169.4  dead=0  τ=0.0050  val=100144.2  (52.8s)
  Codec training: 5300.5s
  * Codec Acc = 0.7980 (d=+0.1460)
  * Codec ΔL_ref = 108031.3 (d=-70260.9)
  Computing train histogram PMF...
  * Rate: xent=124.53  xent_train=123.35  H_emp=123.26  max=128  rANS=124.54  rANS_train=123.35  bits/token

============================================================
  Summary: blk05 K=16 emb=32  bt=1024
  bits/token: OPQ=128 (G=32)  codec=128 (G=32)
  Standard OPQ  Acc=0.6520  ΔL_ref=178292.2
  Codec         Acc=0.7980  ΔL_ref=108031.3
  Δ(Acc)=+0.1460  Δ(ΔL_ref)=-70260.9
  Rate: xent=124.53  xent_train=123.35  H_emp=123.26  max=128  rANS=124.54 bits/token
  Train time: std=333.6s  codec=5300.5s
============================================================

Results saved: /data4/workspace/zlt/featcodec/coding/vq/v3.4/results/soft_pq/blk05_K16_emb32_bt1024_ws_lmbda0.5_tau0.5_lr0.0003_ep100_n5000_s42.json
