
######################################################################
# Feature Codec Experiment (OrthogonalTransform + PQ)
# layer=blk05 (idx=5), K=256, emb=16, bt=1024
# transform: all trainable
# epochs=100, lr=0.0003, λ=0.5, τ=0.5→0.005
# max_train=5000, batch=32
# 2026-02-24 10:54:36
######################################################################

Data: train=5000, test=500
  并行加载特征 (workers=16)...
Loading:   0%|          | 0/5000 [00:00<?, ?it/s]Loading:  67%|██████▋   | 3346/5000 [00:00<00:00, 31586.30it/s]Loading: 100%|██████████| 5000/5000 [00:01<00:00, 3676.36it/s] 
  并行加载特征 (workers=16)...
Loading:   0%|          | 0/500 [00:00<?, ?it/s]Loading:  39%|███▉      | 197/500 [00:00<00:00, 1956.99it/s]Loading:  83%|████████▎ | 417/500 [00:00<00:00, 2081.32it/s]Loading: 100%|██████████| 500/500 [00:00<00:00, 2163.08it/s]
  D=1024, D'=1024, T=257, G=64, d=16
  bits/token=512

Loading CLIP ViT-L/14 (classnames=/data4/workspace/zlt/CPAO_cls/dataset/imagenet/classnames.txt)...
  Tail: 18 blocks (blk6..blk23) + norm

============================================================
  [Standard OPQ] baseline
============================================================
    OPQ done: MSE=0.15918824 (65.6s)
    OPQ empirical ppl=246.9 (for prior init)
  * Standard OPQ Acc = 0.8140
  * Standard OPQ ΔL_ref = 69559.2

============================================================
  [Codec] K=256, λ=0.5, bt=1024, epochs=100, τ=0.5→0.005
============================================================
  Warm-start from OPQ (transform + codebooks)
  log_prior init from OPQ empirical frequency
  Trainable params: 802,304
  Orthogonal transform: ||R'R-I||=1.83e-03
  Soft PQ: τ 0.50 → 0.0050 (exponential)
  Pre-computing teacher outputs (5000 images)...
  Teacher cache: 5.3 GB CPU (218.9s)
  ep   0/100  D=68482.7  ppl=150.3  R=492.66b/t  λD=34241.3  dead=7  τ=0.5000  val=62802.4  (58.6s)
  ep  10/100  D=59086.5  ppl=171.7  R=495.93b/t  λD=29543.2  dead=9  τ=0.3140  val=56668.1  (58.0s)
  ep  20/100  D=57619.4  ppl=178.3  R=496.78b/t  λD=28809.7  dead=14  τ=0.1972  val=55701.1  (57.6s)
  ep  30/100  D=57320.9  ppl=180.4  R=497.25b/t  λD=28660.4  dead=19  τ=0.1239  val=55145.0  (57.7s)
  ep  40/100  D=57424.6  ppl=179.5  R=497.36b/t  λD=28712.3  dead=27  τ=0.0778  val=55435.5  (57.6s)
  ep  50/100  D=56785.9  ppl=179.7  R=497.15b/t  λD=28393.0  dead=38  τ=0.0489  val=55238.8  (57.6s)
  ep  60/100  D=55713.9  ppl=180.9  R=497.38b/t  λD=27856.9  dead=44  τ=0.0307  val=54069.1  (57.6s)
  ep  70/100  D=54040.2  ppl=182.2  R=497.32b/t  λD=27020.1  dead=51  τ=0.0193  val=52256.3  (57.6s)
  ep  80/100  D=51762.4  ppl=183.1  R=497.31b/t  λD=25881.2  dead=50  τ=0.0121  val=50582.1  (58.0s)
  ep  90/100  D=48445.1  ppl=183.3  R=497.31b/t  λD=24222.6  dead=50  τ=0.0076  val=47054.9  (58.6s)
  ep  99/100  D=45664.6  ppl=183.4  R=497.30b/t  λD=22832.3  dead=50  τ=0.0050  val=44623.0  (58.3s)
  Codec training: 6093.2s
  * Codec Acc = 0.7880 (d=-0.0260)
  * Codec ΔL_ref = 59708.0 (d=-9851.2)
  Computing train histogram PMF...
  * Rate: xent=497.51  xent_train=481.68  H_emp=481.33  max=512  rANS=497.63  rANS_train=481.84  bits/token

============================================================
  Summary: blk05 K=256 emb=16  bt=1024
  bits/token: OPQ=512 (G=64)  codec=512 (G=64)
  Standard OPQ  Acc=0.8140  ΔL_ref=69559.2
  Codec         Acc=0.7880  ΔL_ref=59708.0
  Δ(Acc)=-0.0260  Δ(ΔL_ref)=-9851.2
  Rate: xent=497.51  xent_train=481.68  H_emp=481.33  max=512  rANS=497.63 bits/token
  Train time: std=65.6s  codec=6093.2s
============================================================

Results saved: /data4/workspace/zlt/featcodec/coding/vq/v3.4/results/soft_pq/blk05_K256_emb16_bt1024_ws_lmbda0.5_tau0.5_lr0.0003_ep100_n5000_s42.json
