
######################################################################
# Feature Codec Experiment (OrthogonalTransform + PQ)
# layer=blk10 (idx=10), K=64, emb=32, bt=1024
# transform: all trainable
# epochs=100, lr=0.0003, λ=0.5, τ=0.5→0.005
# max_train=5000, batch=32
# 2026-02-24 07:43:32
######################################################################

Data: train=5000, test=500
  并行加载特征 (workers=16)...
Loading:   0%|          | 0/5000 [00:00<?, ?it/s]Loading:  95%|█████████▍| 4727/5000 [00:00<00:00, 45551.40it/s]Loading: 100%|██████████| 5000/5000 [00:00<00:00, 21508.57it/s]
  并行加载特征 (workers=16)...
Loading:   0%|          | 0/500 [00:00<?, ?it/s]Loading:  52%|█████▏    | 262/500 [00:00<00:00, 2598.45it/s]Loading: 100%|██████████| 500/500 [00:00<00:00, 2636.00it/s]
  D=1024, D'=1024, T=257, G=32, d=32
  bits/token=192

Loading CLIP ViT-L/14 (classnames=/data4/workspace/zlt/CPAO_cls/dataset/imagenet/classnames.txt)...
  Tail: 13 blocks (blk11..blk23) + norm

============================================================
  [Standard OPQ] baseline
============================================================
    OPQ done: MSE=0.38874763 (34.3s)
    OPQ empirical ppl=60.8 (for prior init)
  * Standard OPQ Acc = 0.7220
  * Standard OPQ ΔL_ref = 124102.4

============================================================
  [Codec] K=64, λ=0.5, bt=1024, epochs=100, τ=0.5→0.005
============================================================
  Warm-start from OPQ (transform + codebooks)
  log_prior init from OPQ empirical frequency
  Trainable params: 591,360
  Orthogonal transform: ||R'R-I||=1.22e-03
  Soft PQ: τ 0.50 → 0.0050 (exponential)
  Pre-computing teacher outputs (5000 images)...
  Teacher cache: 5.3 GB CPU (33.3s)
  ep   0/100  D=85284.9  ppl=56.0  R=187.32b/t  λD=42642.4  dead=0  τ=0.5000  val=73911.7  (40.5s)
  ep  10/100  D=63606.9  ppl=57.0  R=187.72b/t  λD=31803.5  dead=2  τ=0.3140  val=61175.5  (41.0s)
  ep  20/100  D=60381.6  ppl=57.4  R=187.80b/t  λD=30190.8  dead=2  τ=0.1972  val=58525.6  (41.6s)
  ep  30/100  D=58848.7  ppl=57.6  R=187.80b/t  λD=29424.4  dead=2  τ=0.1239  val=57060.2  (39.6s)
  ep  40/100  D=57940.7  ppl=57.6  R=187.76b/t  λD=28970.4  dead=2  τ=0.0778  val=56286.4  (41.3s)
  ep  50/100  D=57124.4  ppl=57.7  R=187.77b/t  λD=28562.2  dead=2  τ=0.0489  val=55468.6  (39.5s)
  ep  60/100  D=56044.2  ppl=57.7  R=187.75b/t  λD=28022.1  dead=2  τ=0.0307  val=54653.5  (39.5s)
  ep  70/100  D=54781.3  ppl=57.7  R=187.77b/t  λD=27390.7  dead=2  τ=0.0193  val=53664.4  (40.2s)
  ep  80/100  D=53364.3  ppl=57.7  R=187.75b/t  λD=26682.1  dead=2  τ=0.0121  val=52405.8  (40.6s)
  ep  90/100  D=51970.6  ppl=57.7  R=187.75b/t  λD=25985.3  dead=2  τ=0.0076  val=51193.6  (39.5s)
  ep  99/100  D=51164.5  ppl=57.7  R=187.75b/t  λD=25582.2  dead=2  τ=0.0050  val=50549.5  (39.5s)
  Codec training: 4106.8s
  * Codec Acc = 0.7940 (d=+0.0720)
  * Codec ΔL_ref = 66272.9 (d=-57829.5)
  Computing train histogram PMF...
  * Rate: xent=187.69  xent_train=187.16  H_emp=186.99  max=192  rANS=187.71  rANS_train=187.18  bits/token

============================================================
  Summary: blk10 K=64 emb=32  bt=1024
  bits/token: OPQ=192 (G=32)  codec=192 (G=32)
  Standard OPQ  Acc=0.7220  ΔL_ref=124102.4
  Codec         Acc=0.7940  ΔL_ref=66272.9
  Δ(Acc)=+0.0720  Δ(ΔL_ref)=-57829.5
  Rate: xent=187.69  xent_train=187.16  H_emp=186.99  max=192  rANS=187.71 bits/token
  Train time: std=34.3s  codec=4106.8s
============================================================

Results saved: /data4/workspace/zlt/featcodec/coding/vq/v3.4/results/soft_pq/blk10_K64_emb32_bt1024_ws_lmbda0.5_tau0.5_lr0.0003_ep100_n5000_s42.json
