
######################################################################
# Feature Codec Experiment (OrthogonalTransform + PQ)
# layer=blk10 (idx=10), K=16, emb=32, bt=1024
# transform: all trainable
# epochs=100, lr=0.0003, λ=0.5, τ=0.5→0.005
# max_train=5000, batch=32
# 2026-02-24 06:33:41
######################################################################

Data: train=5000, test=500
  并行加载特征 (workers=16)...
Loading:   0%|          | 0/5000 [00:00<?, ?it/s]Loading:  24%|██▍       | 1221/5000 [00:00<00:00, 11922.57it/s]Loading:  48%|████▊     | 2414/5000 [00:00<00:00, 4230.96it/s] Loading:  62%|██████▏   | 3076/5000 [00:00<00:00, 3562.88it/s]Loading:  71%|███████   | 3557/5000 [00:00<00:00, 3195.92it/s]Loading:  79%|███████▉  | 3944/5000 [00:01<00:00, 3068.73it/s]Loading:  86%|████████▌ | 4289/5000 [00:01<00:00, 3020.25it/s]Loading:  92%|█████████▏| 4614/5000 [00:01<00:00, 2921.07it/s]Loading:  98%|█████████▊| 4919/5000 [00:01<00:00, 2881.90it/s]Loading: 100%|██████████| 5000/5000 [00:01<00:00, 3364.78it/s]
  并行加载特征 (workers=16)...
Loading:   0%|          | 0/500 [00:00<?, ?it/s]Loading:  59%|█████▊    | 293/500 [00:00<00:00, 2907.51it/s]Loading: 100%|██████████| 500/500 [00:00<00:00, 2861.55it/s]
  D=1024, D'=1024, T=257, G=32, d=32
  bits/token=128

Loading CLIP ViT-L/14 (classnames=/data4/workspace/zlt/CPAO_cls/dataset/imagenet/classnames.txt)...
  Tail: 13 blocks (blk11..blk23) + norm

============================================================
  [Standard OPQ] baseline
============================================================
    OPQ done: MSE=0.45578682 (33.3s)
    OPQ empirical ppl=15.3 (for prior init)
  * Standard OPQ Acc = 0.6200
  * Standard OPQ ΔL_ref = 183306.4

============================================================
  [Codec] K=16, λ=0.5, bt=1024, epochs=100, τ=0.5→0.005
============================================================
  Warm-start from OPQ (transform + codebooks)
  log_prior init from OPQ empirical frequency
  Trainable params: 540,672
  Orthogonal transform: ||R'R-I||=2.40e-03
  Soft PQ: τ 0.50 → 0.0050 (exponential)
  Pre-computing teacher outputs (5000 images)...
  Teacher cache: 5.3 GB CPU (68.0s)
  ep   0/100  D=105961.8  ppl=14.8  R=124.71b/t  λD=52980.9  dead=0  τ=0.5000  val=91669.8  (43.6s)
  ep  10/100  D=79475.4  ppl=14.8  R=124.88b/t  λD=39737.7  dead=0  τ=0.3140  val=76465.4  (39.1s)
  ep  20/100  D=76199.8  ppl=14.9  R=124.87b/t  λD=38099.9  dead=0  τ=0.1972  val=73900.0  (39.3s)
  ep  30/100  D=74796.8  ppl=14.9  R=124.89b/t  λD=37398.4  dead=0  τ=0.1239  val=72896.1  (39.1s)
  ep  40/100  D=73895.2  ppl=14.9  R=124.88b/t  λD=36947.6  dead=0  τ=0.0778  val=72111.8  (38.9s)
  ep  50/100  D=73056.1  ppl=14.9  R=124.89b/t  λD=36528.0  dead=0  τ=0.0489  val=71234.5  (39.2s)
  ep  60/100  D=72085.7  ppl=14.9  R=124.90b/t  λD=36042.8  dead=0  τ=0.0307  val=70412.3  (39.1s)
  ep  70/100  D=70806.6  ppl=14.9  R=124.89b/t  λD=35403.3  dead=0  τ=0.0193  val=69529.5  (39.3s)
  ep  80/100  D=69407.1  ppl=14.9  R=124.89b/t  λD=34703.5  dead=0  τ=0.0121  val=68122.0  (39.0s)
  ep  90/100  D=67979.1  ppl=14.9  R=124.88b/t  λD=33989.5  dead=0  τ=0.0076  val=66815.7  (39.0s)
  ep  99/100  D=67113.5  ppl=14.9  R=124.88b/t  λD=33556.7  dead=0  τ=0.0050  val=66079.7  (38.9s)
  Codec training: 4046.7s
  * Codec Acc = 0.7740 (d=+0.1540)
  * Codec ΔL_ref = 80063.9 (d=-103242.5)
  Computing train histogram PMF...
  * Rate: xent=124.89  xent_train=124.77  H_emp=124.67  max=128  rANS=124.90  rANS_train=124.78  bits/token

============================================================
  Summary: blk10 K=16 emb=32  bt=1024
  bits/token: OPQ=128 (G=32)  codec=128 (G=32)
  Standard OPQ  Acc=0.6200  ΔL_ref=183306.4
  Codec         Acc=0.7740  ΔL_ref=80063.9
  Δ(Acc)=+0.1540  Δ(ΔL_ref)=-103242.5
  Rate: xent=124.89  xent_train=124.77  H_emp=124.67  max=128  rANS=124.90 bits/token
  Train time: std=33.3s  codec=4046.7s
============================================================

Results saved: /data4/workspace/zlt/featcodec/coding/vq/v3.4/results/soft_pq/blk10_K16_emb32_bt1024_ws_lmbda0.5_tau0.5_lr0.0003_ep100_n5000_s42.json
