
######################################################################
# Feature Codec Experiment (OrthogonalTransform + PQ)
# layer=blk20 (idx=20), K=8, emb=32, bt=1024
# transform: all trainable
# epochs=100, lr=0.0003, λ=0.5, τ=0.5→0.005
# max_train=5000, batch=32
# 2026-02-24 06:33:41
######################################################################

Data: train=5000, test=500
  并行加载特征 (workers=16)...
Loading:   0%|          | 0/5000 [00:00<?, ?it/s]Loading:  83%|████████▎ | 4160/5000 [00:00<00:00, 39507.35it/s]Loading: 100%|██████████| 5000/5000 [00:00<00:00, 9555.42it/s] 
  并行加载特征 (workers=16)...
Loading:   0%|          | 0/500 [00:00<?, ?it/s]Loading:  61%|██████    | 304/500 [00:00<00:00, 2292.94it/s]Loading: 100%|██████████| 500/500 [00:00<00:00, 1957.71it/s]
  D=1024, D'=1024, T=257, G=32, d=32
  bits/token=96

Loading CLIP ViT-L/14 (classnames=/data4/workspace/zlt/CPAO_cls/dataset/imagenet/classnames.txt)...
  Tail: 3 blocks (blk21..blk23) + norm

============================================================
  [Standard OPQ] baseline
============================================================
    OPQ done: MSE=0.23071581 (26.8s)
    OPQ empirical ppl=7.4 (for prior init)
  * Standard OPQ Acc = 0.2540
  * Standard OPQ ΔL_ref = 164433.8

============================================================
  [Codec] K=8, λ=0.5, bt=1024, epochs=100, τ=0.5→0.005
============================================================
  Warm-start from OPQ (transform + codebooks)
  log_prior init from OPQ empirical frequency
  Trainable params: 532,224
  Orthogonal transform: ||R'R-I||=4.14e-04
  Soft PQ: τ 0.50 → 0.0050 (exponential)
  Pre-computing teacher outputs (5000 images)...
  Teacher cache: 5.3 GB CPU (11.2s)
  ep   0/100  D=132506.8  ppl=7.0  R=90.20b/t  λD=66253.4  dead=0  τ=0.5000  val=127145.2  (14.8s)
  ep  10/100  D=121751.1  ppl=7.5  R=92.79b/t  λD=60875.5  dead=0  τ=0.3140  val=120895.6  (12.2s)
  ep  20/100  D=120340.9  ppl=7.5  R=92.86b/t  λD=60170.5  dead=0  τ=0.1972  val=119526.4  (13.0s)
  ep  30/100  D=119503.0  ppl=7.5  R=92.82b/t  λD=59751.5  dead=0  τ=0.1239  val=118733.3  (12.7s)
  ep  40/100  D=118936.2  ppl=7.5  R=92.75b/t  λD=59468.1  dead=0  τ=0.0778  val=118185.9  (13.2s)
  ep  50/100  D=118504.4  ppl=7.5  R=92.70b/t  λD=59252.2  dead=0  τ=0.0489  val=117851.6  (12.9s)
  ep  60/100  D=118151.0  ppl=7.5  R=92.66b/t  λD=59075.5  dead=0  τ=0.0307  val=117548.7  (12.8s)
  ep  70/100  D=117821.7  ppl=7.5  R=92.64b/t  λD=58910.8  dead=0  τ=0.0193  val=117245.7  (13.1s)
  ep  80/100  D=117506.2  ppl=7.5  R=92.64b/t  λD=58753.1  dead=0  τ=0.0121  val=116986.2  (12.5s)
  ep  90/100  D=117241.0  ppl=7.5  R=92.63b/t  λD=58620.5  dead=0  τ=0.0076  val=116758.9  (13.4s)
  ep  99/100  D=117105.4  ppl=7.5  R=92.63b/t  λD=58552.7  dead=0  τ=0.0050  val=116657.0  (12.9s)
  Codec training: 1366.5s
  * Codec Acc = 0.4600 (d=+0.2060)
  * Codec ΔL_ref = 115502.7 (d=-48931.0)
  Computing train histogram PMF...
  * Rate: xent=92.90  xent_train=92.84  H_emp=92.65  max=96  rANS=92.91  rANS_train=92.84  bits/token

============================================================
  Summary: blk20 K=8 emb=32  bt=1024
  bits/token: OPQ=96 (G=32)  codec=96 (G=32)
  Standard OPQ  Acc=0.2540  ΔL_ref=164433.8
  Codec         Acc=0.4600  ΔL_ref=115502.7
  Δ(Acc)=+0.2060  Δ(ΔL_ref)=-48931.0
  Rate: xent=92.90  xent_train=92.84  H_emp=92.65  max=96  rANS=92.91 bits/token
  Train time: std=26.8s  codec=1366.5s
============================================================

Results saved: /data4/workspace/zlt/featcodec/coding/vq/v3.4/results/soft_pq/blk20_K8_emb32_bt1024_ws_lmbda0.5_tau0.5_lr0.0003_ep100_n5000_s42.json
