
######################################################################
# Feature Codec Experiment (OrthogonalTransform + PQ)
# layer=blk20 (idx=20), K=512, emb=16, bt=1024
# transform: all trainable
# epochs=100, lr=0.0003, λ=0.5, τ=0.5→0.005
# max_train=5000, batch=32
# 2026-02-24 09:17:43
######################################################################

Data: train=5000, test=500
  并行加载特征 (workers=16)...
Loading:   0%|          | 0/5000 [00:00<?, ?it/s]Loading:  54%|█████▍    | 2693/5000 [00:00<00:00, 26166.24it/s]Loading: 100%|██████████| 5000/5000 [00:01<00:00, 4978.69it/s] 
  并行加载特征 (workers=16)...
Loading:   0%|          | 0/500 [00:00<?, ?it/s]Loading:  52%|█████▏    | 261/500 [00:00<00:00, 2566.82it/s]Loading: 100%|██████████| 500/500 [00:00<00:00, 2591.51it/s]
  D=1024, D'=1024, T=257, G=64, d=16
  bits/token=576

Loading CLIP ViT-L/14 (classnames=/data4/workspace/zlt/CPAO_cls/dataset/imagenet/classnames.txt)...
  Tail: 3 blocks (blk21..blk23) + norm

============================================================
  [Standard OPQ] baseline
============================================================
    OPQ done: MSE=0.11127876 (163.8s)
    OPQ empirical ppl=435.7 (for prior init)
  * Standard OPQ Acc = 0.7580
  * Standard OPQ ΔL_ref = 78359.5

============================================================
  [Codec] K=512, λ=0.5, bt=1024, epochs=100, τ=0.5→0.005
============================================================
  Warm-start from OPQ (transform + codebooks)
  log_prior init from OPQ empirical frequency
  Trainable params: 1,080,832
  Orthogonal transform: ||R'R-I||=1.46e-03
  Soft PQ: τ 0.50 → 0.0050 (exponential)
  Pre-computing teacher outputs (5000 images)...
  Teacher cache: 5.3 GB CPU (33.2s)
  ep   0/100  D=118138.9  ppl=20.8  R=459.09b/t  λD=59069.4  dead=2137  τ=0.5000  val=109535.4  (23.3s)
  ep  10/100  D=84793.8  ppl=90.7  R=473.79b/t  λD=42396.9  dead=16339  τ=0.3140  val=83454.1  (23.3s)
  ep  20/100  D=81262.6  ppl=95.9  R=455.87b/t  λD=40631.3  dead=21344  τ=0.1972  val=80211.0  (23.5s)
  ep  30/100  D=79742.0  ppl=96.4  R=444.48b/t  λD=39871.0  dead=22726  τ=0.1239  val=78758.2  (23.4s)
  ep  40/100  D=78700.8  ppl=96.4  R=437.75b/t  λD=39350.4  dead=23317  τ=0.0778  val=77761.2  (23.2s)
  ep  50/100  D=77888.4  ppl=96.2  R=433.65b/t  λD=38944.2  dead=23626  τ=0.0489  val=77047.1  (23.6s)
  ep  60/100  D=77255.3  ppl=96.1  R=431.29b/t  λD=38627.6  dead=23733  τ=0.0307  val=76496.7  (23.4s)
  ep  70/100  D=76728.0  ppl=96.0  R=429.91b/t  λD=38364.0  dead=23813  τ=0.0193  val=76024.4  (24.1s)
  ep  80/100  D=76280.9  ppl=96.0  R=429.22b/t  λD=38140.4  dead=23809  τ=0.0121  val=75661.4  (24.2s)
  ep  90/100  D=75937.9  ppl=96.0  R=428.93b/t  λD=37968.9  dead=23798  τ=0.0076  val=75383.1  (25.2s)
  ep  99/100  D=75783.8  ppl=96.0  R=428.86b/t  λD=37891.9  dead=23797  τ=0.0050  val=75268.9  (23.7s)
  Codec training: 2531.8s
  * Codec Acc = 0.7320 (d=-0.0260)
  * Codec ΔL_ref = 77955.3 (d=-404.2)
  Computing train histogram PMF...
  * Rate: xent=428.92  xent_train=414.32  H_emp=413.70  max=576  rANS=429.00  rANS_train=415.98  bits/token

============================================================
  Summary: blk20 K=512 emb=16  bt=1024
  bits/token: OPQ=576 (G=64)  codec=576 (G=64)
  Standard OPQ  Acc=0.7580  ΔL_ref=78359.5
  Codec         Acc=0.7320  ΔL_ref=77955.3
  Δ(Acc)=-0.0260  Δ(ΔL_ref)=-404.2
  Rate: xent=428.92  xent_train=414.32  H_emp=413.70  max=576  rANS=429.00 bits/token
  Train time: std=163.8s  codec=2531.8s
============================================================

Results saved: /data4/workspace/zlt/featcodec/coding/vq/v3.4/results/soft_pq/blk20_K512_emb16_bt1024_ws_lmbda0.5_tau0.5_lr0.0003_ep100_n5000_s42.json
