
######################################################################
# Feature Codec Experiment (OrthogonalTransform + PQ)
# layer=blk20 (idx=20), K=256, emb=16, bt=1024
# transform: all trainable
# epochs=100, lr=0.0003, λ=0.5, τ=0.5→0.005
# max_train=5000, batch=32
# 2026-02-24 08:33:27
######################################################################

Data: train=5000, test=500
  并行加载特征 (workers=16)...
Loading:   0%|          | 0/5000 [00:00<?, ?it/s]Loading:  36%|███▌      | 1791/5000 [00:00<00:00, 17650.00it/s]Loading:  71%|███████   | 3556/5000 [00:00<00:00, 3668.91it/s] Loading:  88%|████████▊ | 4421/5000 [00:01<00:00, 3194.18it/s]Loading: 100%|██████████| 5000/5000 [00:01<00:00, 3432.24it/s]
  并行加载特征 (workers=16)...
Loading:   0%|          | 0/500 [00:00<?, ?it/s]Loading:  57%|█████▋    | 284/500 [00:00<00:00, 2700.35it/s]Loading: 100%|██████████| 500/500 [00:00<00:00, 2533.72it/s]
  D=1024, D'=1024, T=257, G=64, d=16
  bits/token=512

Loading CLIP ViT-L/14 (classnames=/data4/workspace/zlt/CPAO_cls/dataset/imagenet/classnames.txt)...
  Tail: 3 blocks (blk21..blk23) + norm

============================================================
  [Standard OPQ] baseline
============================================================
    OPQ done: MSE=0.12281434 (172.2s)
    OPQ empirical ppl=224.2 (for prior init)
  * Standard OPQ Acc = 0.7280
  * Standard OPQ ΔL_ref = 85412.9

============================================================
  [Codec] K=256, λ=0.5, bt=1024, epochs=100, τ=0.5→0.005
============================================================
  Warm-start from OPQ (transform + codebooks)
  log_prior init from OPQ empirical frequency
  Trainable params: 802,304
  Orthogonal transform: ||R'R-I||=1.05e-03
  Soft PQ: τ 0.50 → 0.0050 (exponential)
  Pre-computing teacher outputs (5000 images)...
  Teacher cache: 5.3 GB CPU (226.0s)
  ep   0/100  D=118271.6  ppl=18.1  R=412.90b/t  λD=59135.8  dead=157  τ=0.5000  val=109817.9  (26.4s)
  ep  10/100  D=87364.0  ppl=65.3  R=431.04b/t  λD=43682.0  dead=3874  τ=0.3140  val=86121.1  (18.6s)
  ep  20/100  D=83991.7  ppl=68.4  R=416.66b/t  λD=41995.9  dead=7290  τ=0.1972  val=82903.0  (19.3s)
  ep  30/100  D=82513.6  ppl=68.7  R=407.56b/t  λD=41256.8  dead=8551  τ=0.1239  val=81555.5  (19.4s)
  ep  40/100  D=81463.5  ppl=68.7  R=402.19b/t  λD=40731.7  dead=9134  τ=0.0778  val=80522.3  (20.7s)
  ep  50/100  D=80671.4  ppl=68.5  R=398.94b/t  λD=40335.7  dead=9475  τ=0.0489  val=79821.2  (20.2s)
  ep  60/100  D=80049.1  ppl=68.4  R=397.09b/t  λD=40024.6  dead=9622  τ=0.0307  val=79256.0  (18.5s)
  ep  70/100  D=79528.1  ppl=68.4  R=396.02b/t  λD=39764.0  dead=9686  τ=0.0193  val=78828.5  (19.0s)
  ep  80/100  D=79091.9  ppl=68.4  R=395.42b/t  λD=39545.9  dead=9705  τ=0.0121  val=78448.5  (18.8s)
  ep  90/100  D=78755.0  ppl=68.4  R=395.22b/t  λD=39377.5  dead=9698  τ=0.0076  val=78176.3  (18.7s)
  ep  99/100  D=78602.3  ppl=68.4  R=395.17b/t  λD=39301.2  dead=9695  τ=0.0050  val=78060.4  (18.6s)
  Codec training: 2234.4s
  * Codec Acc = 0.7380 (d=+0.0100)
  * Codec ΔL_ref = 80456.3 (d=-4956.6)
  Computing train histogram PMF...
  * Rate: xent=395.16  xent_train=383.50  H_emp=382.95  max=512  rANS=395.21  rANS_train=384.03  bits/token

============================================================
  Summary: blk20 K=256 emb=16  bt=1024
  bits/token: OPQ=512 (G=64)  codec=512 (G=64)
  Standard OPQ  Acc=0.7280  ΔL_ref=85412.9
  Codec         Acc=0.7380  ΔL_ref=80456.3
  Δ(Acc)=+0.0100  Δ(ΔL_ref)=-4956.6
  Rate: xent=395.16  xent_train=383.50  H_emp=382.95  max=512  rANS=395.21 bits/token
  Train time: std=172.2s  codec=2234.4s
============================================================

Results saved: /data4/workspace/zlt/featcodec/coding/vq/v3.4/results/soft_pq/blk20_K256_emb16_bt1024_ws_lmbda0.5_tau0.5_lr0.0003_ep100_n5000_s42.json
