
######################################################################
# Feature Codec Experiment (OrthogonalTransform + PQ)
# layer=blk15 (idx=15), K=64, emb=16, bt=1024
# transform: all trainable
# epochs=100, lr=0.0003, λ=0.5, τ=0.5→0.005
# max_train=5000, batch=32
# 2026-02-24 09:06:45
######################################################################

Data: train=5000, test=500
  并行加载特征 (workers=16)...
Loading:   0%|          | 0/5000 [00:00<?, ?it/s]Loading:  86%|████████▌ | 4276/5000 [00:00<00:00, 42227.75it/s]Loading: 100%|██████████| 5000/5000 [00:00<00:00, 12491.58it/s]
  并行加载特征 (workers=16)...
Loading:   0%|          | 0/500 [00:00<?, ?it/s]Loading:  56%|█████▌    | 279/500 [00:00<00:00, 2769.31it/s]Loading: 100%|██████████| 500/500 [00:00<00:00, 2835.87it/s]
  D=1024, D'=1024, T=257, G=64, d=16
  bits/token=384

Loading CLIP ViT-L/14 (classnames=/data4/workspace/zlt/CPAO_cls/dataset/imagenet/classnames.txt)...
  Tail: 8 blocks (blk16..blk23) + norm

============================================================
  [Standard OPQ] baseline
============================================================
    OPQ done: MSE=0.07228322 (276.9s)
    OPQ empirical ppl=57.3 (for prior init)
  * Standard OPQ Acc = 0.7320
  * Standard OPQ ΔL_ref = 89483.1

============================================================
  [Codec] K=64, λ=0.5, bt=1024, epochs=100, τ=0.5→0.005
============================================================
  Warm-start from OPQ (transform + codebooks)
  log_prior init from OPQ empirical frequency
  Trainable params: 593,408
  Orthogonal transform: ||R'R-I||=3.90e-04
  Soft PQ: τ 0.50 → 0.0050 (exponential)
  Pre-computing teacher outputs (5000 images)...
  Teacher cache: 5.3 GB CPU (55.2s)
  ep   0/100  D=150177.7  ppl=4.3  R=281.98b/t  λD=75088.8  dead=793  τ=0.5000  val=133768.2  (27.0s)
  ep  10/100  D=96864.1  ppl=9.9  R=265.58b/t  λD=48432.1  dead=2468  τ=0.3140  val=93980.9  (27.4s)
  ep  20/100  D=89520.4  ppl=11.5  R=244.37b/t  λD=44760.2  dead=2820  τ=0.1972  val=87360.5  (27.7s)
  ep  30/100  D=86375.3  ppl=11.8  R=230.66b/t  λD=43187.7  dead=2916  τ=0.1239  val=84525.8  (27.0s)
  ep  40/100  D=84401.5  ppl=11.9  R=222.34b/t  λD=42200.8  dead=2978  τ=0.0778  val=82767.9  (27.2s)
  ep  50/100  D=82929.5  ppl=11.9  R=217.37b/t  λD=41464.8  dead=3004  τ=0.0489  val=81385.8  (27.2s)
  ep  60/100  D=81755.8  ppl=11.9  R=214.47b/t  λD=40877.9  dead=3016  τ=0.0307  val=80431.0  (27.2s)
  ep  70/100  D=80753.6  ppl=11.9  R=212.74b/t  λD=40376.8  dead=3024  τ=0.0193  val=79606.4  (27.1s)
  ep  80/100  D=79938.3  ppl=11.9  R=211.94b/t  λD=39969.2  dead=3031  τ=0.0121  val=78913.9  (27.2s)
  ep  90/100  D=79333.6  ppl=11.9  R=211.58b/t  λD=39666.8  dead=3032  τ=0.0076  val=78453.8  (27.2s)
  ep  99/100  D=79060.7  ppl=11.9  R=211.51b/t  λD=39530.3  dead=3032  τ=0.0050  val=78263.5  (28.2s)
  Codec training: 2842.5s
  * Codec Acc = 0.7420 (d=+0.0100)
  * Codec ΔL_ref = 86886.7 (d=-2596.4)
  Computing train histogram PMF...
  * Rate: xent=211.75  xent_train=196.23  H_emp=196.00  max=384  rANS=211.76  rANS_train=196.35  bits/token

============================================================
  Summary: blk15 K=64 emb=16  bt=1024
  bits/token: OPQ=384 (G=64)  codec=384 (G=64)
  Standard OPQ  Acc=0.7320  ΔL_ref=89483.1
  Codec         Acc=0.7420  ΔL_ref=86886.7
  Δ(Acc)=+0.0100  Δ(ΔL_ref)=-2596.4
  Rate: xent=211.75  xent_train=196.23  H_emp=196.00  max=384  rANS=211.76 bits/token
  Train time: std=276.9s  codec=2842.5s
============================================================

Results saved: /data4/workspace/zlt/featcodec/coding/vq/v3.4/results/soft_pq/blk15_K64_emb16_bt1024_ws_lmbda0.5_tau0.5_lr0.0003_ep100_n5000_s42.json
