
######################################################################
# Figure 2+3: Gradient sensitivity & signal divergence
# layer=blk20, K=16, G=32, d=32, D=1024
# n_diag=200, max_train=5000
# train_epochs=50
# 2026-02-26 03:48:50
######################################################################
  Train features: 5000 files from /data4/workspace/zlt/featcodec/features/train/dinov2_vitl14/blk20
  并行加载特征 (workers=8)...
Loading:   0%|          | 0/5000 [00:00<?, ?it/s]Loading:   6%|▌         | 298/5000 [00:00<00:01, 2979.63it/s]Loading:  12%|█▏        | 596/5000 [00:00<00:01, 2939.38it/s]Loading:  19%|█▊        | 929/5000 [00:00<00:01, 3096.46it/s]Loading:  25%|██▍       | 1239/5000 [00:00<00:01, 3060.74it/s]Loading:  31%|███       | 1546/5000 [00:00<00:01, 3045.29it/s]Loading:  37%|███▋      | 1857/5000 [00:00<00:01, 3064.10it/s]Loading:  43%|████▎     | 2164/5000 [00:00<00:00, 3055.99it/s]Loading:  49%|████▉     | 2470/5000 [00:00<00:00, 3049.56it/s]Loading:  56%|█████▌    | 2779/5000 [00:00<00:00, 3059.40it/s]Loading:  62%|██████▏   | 3085/5000 [00:01<00:00, 3010.37it/s]Loading:  68%|██████▊   | 3387/5000 [00:01<00:00, 2935.47it/s]Loading:  74%|███████▍  | 3692/5000 [00:01<00:00, 2969.11it/s]Loading:  80%|███████▉  | 3990/5000 [00:01<00:00, 2915.89it/s]Loading:  86%|████████▌ | 4282/5000 [00:01<00:00, 2893.36it/s]Loading:  91%|█████████▏| 4572/5000 [00:01<00:00, 2775.87it/s]Loading:  97%|█████████▋| 4854/5000 [00:01<00:00, 2787.04it/s]Loading: 100%|██████████| 5000/5000 [00:01<00:00, 2934.65it/s]
  Loading DINOv2 ViT-L/14...
  Split: diagnostic=200, training=4800

  Learning OPQ (K=16, G=32, d=32)...
  OPQ done

============================================================
  Building Identity codec (no rotation, k-means) ...

────────────────────────────────────────────────────────────
  Identity (no rotation)
────────────────────────────────────────────────────────────
  [1/4] Variance ... 0.2s
  [2/4] Per-group MSE ... 0.1s
  [3/4] Gradient sensitivity (L_ref + MSE) ... 0.8s
  [4/4] Ablation delta_L_ref ... 4.8s

  Metric                 Mean          Std       CV          Min          Max
  ──────────────────────────────────────────────────────────────────────
  Variance             0.9985       1.9457    1.949       0.3330      10.3097
  MSE                  9.3476       0.4390    0.047       8.3822      10.3836
  Sens L_ref       16603.8867    3899.2568    0.235   12669.9082   30319.8848
  Sens MSE           143.4553       6.8262    0.048     131.0286     165.3907
  Ablation dL      27657.8595    8391.4294    0.303   16527.7450   59489.8775

  Correlations:
    sens_lref    <-> sens_mse      r = +0.0815
    sens_lref    <-> mse           r = +0.1007
    sens_lref    <-> ablation      r = +0.5180
    mse          <-> ablation      r = -0.1152
    variance     <-> mse           r = +0.4668
    variance     <-> sens_lref     r = +0.1422
  Total: 5.9s

============================================================
  Building OPQ codec (rotation + codebooks, untrained) ...

────────────────────────────────────────────────────────────
  OPQ (untrained)
────────────────────────────────────────────────────────────
  [1/4] Variance ... 0.2s
  [2/4] Per-group MSE ... 0.1s
  [3/4] Gradient sensitivity (L_ref + MSE) ... 1.0s
  [4/4] Ablation delta_L_ref ... 8.7s

  Metric                 Mean          Std       CV          Min          Max
  ──────────────────────────────────────────────────────────────────────
  Variance             0.9985       3.3693    3.374       0.3301      19.7504
  MSE                  7.7679       0.2551    0.033       6.9832       8.8862
  Sens L_ref       11452.9434    1355.6868    0.118    9927.2295   15612.5342
  Sens MSE           151.2858       8.0513    0.053     117.5728     162.0353
  Ablation dL      30241.5485    1815.9032    0.060   25661.5100   33141.9187

  Correlations:
    sens_lref    <-> sens_mse      r = -0.0091
    sens_lref    <-> mse           r = +0.4179
    sens_lref    <-> ablation      r = -0.2313
    mse          <-> ablation      r = +0.3938
    variance     <-> mse           r = +0.7823
    variance     <-> sens_lref     r = +0.5658
  Total: 10.1s

============================================================
  Loading trained codec: checkpoints/dinov2_vitl14/blk20_K16_emb32_bt1024_ws_lmbda0.5_tau0.5_lr0.0003_ep100_n5000_s42.pt
  Loaded: G=32, K=16, d=32
  orth_error=1.34e-03

────────────────────────────────────────────────────────────
  Trained (ckpt)
────────────────────────────────────────────────────────────
  [1/4] Variance ... 0.2s
  [2/4] Per-group MSE ... 0.1s
  [3/4] Gradient sensitivity (L_ref + MSE) ... 1.1s
  [4/4] Ablation delta_L_ref ... 8.8s

  Metric                 Mean          Std       CV          Min          Max
  ──────────────────────────────────────────────────────────────────────
  Variance             0.9985       3.3015    3.306       0.3456      19.3744
  MSE                 10.1150       0.6596    0.065       8.8422      13.1918
  Sens L_ref        2132.0420     182.4411    0.086    1921.0453    2892.2461
  Sens MSE           280.3004      50.4592    0.180     126.0306     344.2862
  Ablation dL        594.6214    2362.9251    3.974  -11907.1294    1976.0806

  Correlations:
    sens_lref    <-> sens_mse      r = -0.6752
    sens_lref    <-> mse           r = -0.3467
    sens_lref    <-> ablation      r = +0.1528
    mse          <-> ablation      r = -0.8529
    variance     <-> mse           r = +0.8414
    variance     <-> sens_lref     r = -0.2000
  Total: 10.1s

======================================================================
  SUMMARY — Figure 2: Coefficient of Variation (CV)
======================================================================
  Condition                     Var     MSE  S_lref   S_mse   Ablat
  ────────────────────────────────────────────────────────────
  Identity (no rotation)      1.949   0.047   0.235   0.048   0.303
  OPQ (untrained)             3.374   0.033   0.118   0.053   0.060
  Trained (ckpt)              3.306   0.065   0.086   0.180   3.974

  SUMMARY — Figure 3: Key Correlations
  ────────────────────────────────────────────────────────────────
  Condition                  Sl<->Sm Sl<->MSE Sl<->Abl MSE<->Abl
  ────────────────────────────────────────────────────────────────
  Identity (no rotation)      +0.082   +0.101   +0.518   -0.115
  OPQ (untrained)             -0.009   +0.418   -0.231   +0.394
  Trained (ckpt)              -0.675   -0.347   +0.153   -0.853

  Interpretation:
    sens_lref CV: Identity=0.235 -> OPQ=0.118
    sens_lref CV: OPQ=0.118 -> Trained=0.086
    => Identity >> OPQ > Trained — clean 3-level progression (Figure 2 argument supported)
    r(sens_lref, sens_mse) under OPQ: -0.009 -> signals DIVERGE
    r(mse, ablation) under Trained: -0.853 -> anti-correlated (differential allocation)

  Results saved: /data4/workspace/zlt/featcodec/coding/vq/v3.4/results/analysis_intro_v2/sensitivity_blk20_K16_emb32_ndiag200_ckpt.json
