
######################################################################
# Feature Codec Experiment (OrthogonalTransform + PQ)
# layer=blk20 (idx=20), K=512, emb=16, bt=1024
# transform: all trainable
# epochs=100, lr=0.0001, λ=0.5, τ=0.5→0.02
# max_train=5000, batch=32
# 2026-02-24 18:35:34
######################################################################

Data: train=5000, test=500
  并行加载特征 (workers=16)...
Loading:   0%|          | 0/5000 [00:00<?, ?it/s]Loading:  55%|█████▍    | 2733/5000 [00:00<00:00, 27008.51it/s]Loading: 100%|██████████| 5000/5000 [00:00<00:00, 5127.61it/s] 
  并行加载特征 (workers=16)...
Loading:   0%|          | 0/500 [00:00<?, ?it/s]Loading: 100%|██████████| 500/500 [00:00<00:00, 44674.43it/s]
  D=1024, D'=1024, T=257, G=64, d=16
  bits/token=576

Loading CLIP ViT-L/14 (classnames=/data4/workspace/zlt/CPAO_cls/dataset/imagenet/classnames.txt)...
  Tail: 3 blocks (blk21..blk23) + norm

============================================================
  [Standard OPQ] baseline
============================================================
    OPQ done: MSE=0.11033363 (70.6s)
    OPQ empirical ppl=435.7 (for prior init)
  * Standard OPQ Acc = 0.7420
  * Standard OPQ ΔL_ref = 78404.0

============================================================
  [Codec] K=512, λ=0.5, bt=1024, epochs=100, τ=0.5→0.02
============================================================
  Warm-start from OPQ (transform + codebooks)
  log_prior init from OPQ empirical frequency
  Trainable params: 1,080,832
  Orthogonal transform: ||R'R-I||=7.82e-04
  Soft PQ: τ 0.50 → 0.0200 (exponential)
  Pre-computing teacher outputs (5000 images)...
  Teacher cache: 5.3 GB CPU (10.0s)
  ep   0/100  D=124179.3  ppl=16.6  R=453.48b/t  λD=62089.7  dead=1932  τ=0.5000  val=115880.1  (23.1s)
  ep  10/100  D=94841.7  ppl=58.0  R=479.57b/t  λD=47420.9  dead=5829  τ=0.3612  val=93441.2  (23.3s)
  ep  20/100  D=87954.6  ppl=79.4  R=480.17b/t  λD=43977.3  dead=10242  τ=0.2610  val=86974.9  (23.1s)
  ep  30/100  D=85177.8  ppl=85.7  R=475.48b/t  λD=42588.9  dead=13466  τ=0.1885  val=84357.9  (23.1s)
  ep  40/100  D=83669.2  ppl=87.7  R=470.50b/t  λD=41834.6  dead=15506  τ=0.1362  val=82878.2  (23.2s)
  ep  50/100  D=82717.0  ppl=88.3  R=466.48b/t  λD=41358.5  dead=16705  τ=0.0984  val=82006.2  (23.1s)
  ep  60/100  D=82074.8  ppl=88.5  R=463.63b/t  λD=41037.4  dead=17459  τ=0.0711  val=81404.5  (22.9s)
  ep  70/100  D=81638.2  ppl=88.5  R=461.86b/t  λD=40819.1  dead=17813  τ=0.0513  val=81030.6  (23.2s)
  ep  80/100  D=81346.5  ppl=88.5  R=460.93b/t  λD=40673.2  dead=17926  τ=0.0371  val=80778.4  (23.3s)
  ep  90/100  D=81178.9  ppl=88.5  R=460.56b/t  λD=40589.5  dead=17965  τ=0.0268  val=80657.1  (23.1s)
  ep  99/100  D=81108.9  ppl=88.5  R=460.47b/t  λD=40554.5  dead=17948  τ=0.0200  val=80610.9  (23.0s)
  Codec training: 2346.0s
  * Codec Acc = 0.7520 (d=+0.0100)
  * Codec ΔL_ref = 81619.1 (d=+3215.1)
  Computing train histogram PMF...
  * Rate: xent=460.58  xent_train=405.63  H_emp=404.93  max=576  rANS=460.67  rANS_train=406.82  bits/token

============================================================
  Summary: blk20 K=512 emb=16  bt=1024
  bits/token: OPQ=576 (G=64)  codec=576 (G=64)
  Standard OPQ  Acc=0.7420  ΔL_ref=78404.0
  Codec         Acc=0.7520  ΔL_ref=81619.1
  Δ(Acc)=+0.0100  Δ(ΔL_ref)=+3215.1
  Rate: xent=460.58  xent_train=405.63  H_emp=404.93  max=576  rANS=460.67 bits/token
  Train time: std=70.6s  codec=2346.0s
============================================================

Results saved: /data4/workspace/zlt/featcodec/coding/vq/v3.4/results/soft_pq/clip_vitl14/blk20_K512_emb16_bt1024_ws_lmbda0.5_tau0.5_lr0.0001_ep100_n5000_s42.json
