
######################################################################
# Feature Codec Experiment (OrthogonalTransform + PQ)
# layer=blk15 (idx=15), K=256, emb=16, bt=1024
# transform: all trainable
# epochs=100, lr=0.0001, λ=0.3, τ=0.5→0.02
# max_train=5000, batch=32
# 2026-02-24 15:38:17
######################################################################

Data: train=5000, test=500
  并行加载特征 (workers=16)...
Loading:   0%|          | 0/5000 [00:00<?, ?it/s]Loading:  79%|███████▉  | 3945/5000 [00:00<00:00, 39248.57it/s]Loading: 100%|██████████| 5000/5000 [00:00<00:00, 8694.22it/s] 
  并行加载特征 (workers=16)...
Loading:   0%|          | 0/500 [00:00<?, ?it/s]Loading:  52%|█████▏    | 259/500 [00:00<00:00, 2467.69it/s]Loading: 100%|██████████| 500/500 [00:00<00:00, 2501.17it/s]
  D=1024, D'=1024, T=257, G=64, d=16
  bits/token=512

Loading CLIP ViT-L/14 (classnames=/data4/workspace/zlt/CPAO_cls/dataset/imagenet/classnames.txt)...
  Tail: 8 blocks (blk16..blk23) + norm

============================================================
  [Standard OPQ] baseline
============================================================
    OPQ done: MSE=0.05990188 (317.6s)
    OPQ empirical ppl=223.5 (for prior init)
  * Standard OPQ Acc = 0.7800
  * Standard OPQ ΔL_ref = 73582.2

============================================================
  [Codec] K=256, λ=0.3, bt=1024, epochs=100, τ=0.5→0.02
============================================================
  Warm-start from OPQ (transform + codebooks)
  log_prior init from OPQ empirical frequency
  Trainable params: 802,304
  Orthogonal transform: ||R'R-I||=7.12e-04
  Soft PQ: τ 0.50 → 0.0200 (exponential)
  Pre-computing teacher outputs (5000 images)...
  Teacher cache: 5.3 GB CPU (77.6s)
  ep   0/100  D=174238.0  ppl=3.3  R=370.74b/t  λD=52271.4  dead=14093  τ=0.5000  val=158221.6  (31.0s)
  ep  10/100  D=119328.0  ppl=5.8  R=360.32b/t  λD=35798.4  dead=14903  τ=0.3612  val=115956.5  (30.8s)
  ep  20/100  D=105037.3  ppl=8.0  R=345.74b/t  λD=31511.2  dead=15146  τ=0.2610  val=102712.1  (30.8s)
  ep  30/100  D=98865.3  ppl=8.8  R=331.30b/t  λD=29659.6  dead=15262  τ=0.1885  val=96916.1  (30.9s)
  ep  40/100  D=95596.5  ppl=9.0  R=319.13b/t  λD=28678.9  dead=15318  τ=0.1362  val=93836.3  (31.0s)
  ep  50/100  D=93579.4  ppl=9.1  R=309.86b/t  λD=28073.8  dead=15344  τ=0.0984  val=92019.7  (31.4s)
  ep  60/100  D=92186.1  ppl=9.1  R=303.35b/t  λD=27655.8  dead=15371  τ=0.0711  val=90769.5  (31.1s)
  ep  70/100  D=91230.6  ppl=9.1  R=299.28b/t  λD=27369.2  dead=15380  τ=0.0513  val=89976.2  (30.9s)
  ep  80/100  D=90584.9  ppl=9.1  R=297.10b/t  λD=27175.5  dead=15386  τ=0.0371  val=89415.1  (32.6s)
  ep  90/100  D=90213.7  ppl=9.1  R=296.22b/t  λD=27064.1  dead=15387  τ=0.0268  val=89125.0  (31.6s)
  ep  99/100  D=90071.9  ppl=9.1  R=296.00b/t  λD=27021.6  dead=15389  τ=0.0200  val=89010.2  (31.0s)
  Codec training: 3535.4s
  * Codec Acc = 0.7340 (d=-0.0460)
  * Codec ΔL_ref = 93658.0 (d=+20075.9)
  Computing train histogram PMF...
  * Rate: xent=296.15  xent_train=178.72  H_emp=178.49  max=512  rANS=296.17  rANS_train=179.68  bits/token

============================================================
  Summary: blk15 K=256 emb=16  bt=1024
  bits/token: OPQ=512 (G=64)  codec=512 (G=64)
  Standard OPQ  Acc=0.7800  ΔL_ref=73582.2
  Codec         Acc=0.7340  ΔL_ref=93658.0
  Δ(Acc)=-0.0460  Δ(ΔL_ref)=+20075.9
  Rate: xent=296.15  xent_train=178.72  H_emp=178.49  max=512  rANS=296.17 bits/token
  Train time: std=317.6s  codec=3535.4s
============================================================

Results saved: /data4/workspace/zlt/featcodec/coding/vq/v3.4/results/soft_pq/clip_vitl14/blk15_K256_emb16_bt1024_ws_lmbda0.3_tau0.5_lr0.0001_ep100_n5000_s42.json
