
######################################################################
# Feature Codec Experiment (OrthogonalTransform + PQ)
# layer=blk20 (idx=20), K=256, emb=16, bt=1024
# transform: all trainable
# epochs=100, lr=0.0003, λ=0.1, τ=0.5→0.005
# max_train=5000, batch=32
# 2026-02-24 16:06:23
######################################################################

Data: train=5000, test=500
  并行加载特征 (workers=16)...
Loading:   0%|          | 0/5000 [00:00<?, ?it/s]Loading:  54%|█████▍    | 2701/5000 [00:00<00:00, 26633.35it/s]Loading: 100%|██████████| 5000/5000 [00:01<00:00, 4596.69it/s] 
  并行加载特征 (workers=16)...
Loading:   0%|          | 0/500 [00:00<?, ?it/s]Loading:  50%|█████     | 251/500 [00:00<00:00, 2506.43it/s]Loading: 100%|██████████| 500/500 [00:00<00:00, 2507.77it/s]
  D=1024, D'=1024, T=257, G=64, d=16
  bits/token=512

Loading CLIP ViT-L/14 (classnames=/data4/workspace/zlt/CPAO_cls/dataset/imagenet/classnames.txt)...
  Tail: 3 blocks (blk21..blk23) + norm

============================================================
  [Standard OPQ] baseline
============================================================
    OPQ done: MSE=0.12281159 (45.4s)
    OPQ empirical ppl=224.0 (for prior init)
  * Standard OPQ Acc = 0.7360
  * Standard OPQ ΔL_ref = 85340.8

============================================================
  [Codec] K=256, λ=0.1, bt=1024, epochs=100, τ=0.5→0.005
============================================================
  Warm-start from OPQ (transform + codebooks)
  log_prior init from OPQ empirical frequency
  Trainable params: 802,304
  Orthogonal transform: ||R'R-I||=2.27e-03
  Soft PQ: τ 0.50 → 0.0050 (exponential)
  Pre-computing teacher outputs (5000 images)...
  Teacher cache: 5.3 GB CPU (8.5s)
  ep   0/100  D=152032.6  ppl=2.8  R=380.46b/t  λD=15203.3  dead=15424  τ=0.5000  val=143057.3  (17.8s)
  ep  10/100  D=121660.2  ppl=4.7  R=305.18b/t  λD=12166.0  dead=15959  τ=0.3140  val=120752.6  (17.3s)
  ep  20/100  D=118304.1  ppl=4.8  R=242.53b/t  λD=11830.4  dead=15986  τ=0.1972  val=117425.8  (17.2s)
  ep  30/100  D=116817.6  ppl=4.8  R=200.23b/t  λD=11681.8  dead=15994  τ=0.1239  val=116084.3  (17.5s)
  ep  40/100  D=115975.0  ppl=4.7  R=174.42b/t  λD=11597.5  dead=15997  τ=0.0778  val=115241.2  (17.2s)
  ep  50/100  D=115422.5  ppl=4.7  R=159.76b/t  λD=11542.2  dead=16000  τ=0.0489  val=114887.3  (17.2s)
  ep  60/100  D=115009.0  ppl=4.7  R=151.65b/t  λD=11500.9  dead=16003  τ=0.0307  val=114494.5  (17.6s)
  ep  70/100  D=114658.9  ppl=4.7  R=147.36b/t  λD=11465.9  dead=16004  τ=0.0193  val=114186.3  (17.4s)
  ep  80/100  D=114335.2  ppl=4.7  R=145.25b/t  λD=11433.5  dead=16004  τ=0.0121  val=113909.1  (17.4s)
  ep  90/100  D=114067.2  ppl=4.7  R=144.42b/t  λD=11406.7  dead=16004  τ=0.0076  val=113687.1  (17.6s)
  ep  99/100  D=113940.9  ppl=4.7  R=144.21b/t  λD=11394.1  dead=16004  τ=0.0050  val=113591.5  (17.7s)
  Codec training: 1767.9s
  * Codec Acc = 0.5140 (d=-0.2220)
  * Codec ΔL_ref = 112289.6 (d=+26948.9)
  Computing train histogram PMF...
  * Rate: xent=144.33  xent_train=119.79  H_emp=119.62  max=512  rANS=144.33  rANS_train=120.42  bits/token

============================================================
  Summary: blk20 K=256 emb=16  bt=1024
  bits/token: OPQ=512 (G=64)  codec=512 (G=64)
  Standard OPQ  Acc=0.7360  ΔL_ref=85340.8
  Codec         Acc=0.5140  ΔL_ref=112289.6
  Δ(Acc)=-0.2220  Δ(ΔL_ref)=+26948.9
  Rate: xent=144.33  xent_train=119.79  H_emp=119.62  max=512  rANS=144.33 bits/token
  Train time: std=45.4s  codec=1767.9s
============================================================

Results saved: /data4/workspace/zlt/featcodec/coding/vq/v3.4/results/soft_pq/clip_vitl14/blk20_K256_emb16_bt1024_ws_lmbda0.1_tau0.5_lr0.0003_ep100_n5000_s42.json
