
######################################################################
# Feature Codec Experiment (OrthogonalTransform + PQ)
# layer=blk20 (idx=20), K=256, emb=8, bt=1024
# transform: all trainable
# epochs=100, lr=0.0001, λ=0.5, τ=0.5→0.02
# max_train=5000, batch=32
# 2026-02-24 17:17:44
######################################################################

Data: train=5000, test=500
  并行加载特征 (workers=16)...
Loading:   0%|          | 0/5000 [00:00<?, ?it/s]Loading:  62%|██████▏   | 3085/5000 [00:00<00:00, 30715.07it/s]Loading: 100%|██████████| 5000/5000 [00:00<00:00, 5570.43it/s] 
  并行加载特征 (workers=16)...
Loading:   0%|          | 0/500 [00:00<?, ?it/s]Loading:  51%|█████     | 254/500 [00:00<00:00, 2371.28it/s]Loading: 100%|██████████| 500/500 [00:00<00:00, 2668.37it/s]
  D=1024, D'=1024, T=257, G=128, d=8
  bits/token=1024

Loading CLIP ViT-L/14 (classnames=/data4/workspace/zlt/CPAO_cls/dataset/imagenet/classnames.txt)...
  Tail: 3 blocks (blk21..blk23) + norm

============================================================
  [Standard OPQ] baseline
============================================================
    OPQ done: MSE=0.06405562 (44.0s)
    OPQ empirical ppl=225.8 (for prior init)
  * Standard OPQ Acc = 0.7820
  * Standard OPQ ΔL_ref = 48922.0

============================================================
  [Codec] K=256, λ=0.5, bt=1024, epochs=100, τ=0.5→0.02
============================================================
  Warm-start from OPQ (transform + codebooks)
  log_prior init from OPQ empirical frequency
  Trainable params: 818,688
  Orthogonal transform: ||R'R-I||=4.08e-04
  Soft PQ: τ 0.50 → 0.0200 (exponential)
  Pre-computing teacher outputs (5000 images)...
  Teacher cache: 5.3 GB CPU (10.5s)
  ep   0/100  D=115208.1  ppl=9.3  R=835.31b/t  λD=57604.0  dead=2707  τ=0.5000  val=107537.1  (23.4s)
  ep  10/100  D=82469.7  ppl=22.1  R=838.61b/t  λD=41234.8  dead=12285  τ=0.3612  val=81057.6  (22.7s)
  ep  20/100  D=72370.9  ppl=32.3  R=824.88b/t  λD=36185.5  dead=20837  τ=0.2610  val=71548.9  (22.6s)
  ep  30/100  D=69171.9  ppl=35.0  R=805.92b/t  λD=34586.0  dead=23954  τ=0.1885  val=68495.3  (22.5s)
  ep  40/100  D=67672.1  ppl=35.7  R=790.34b/t  λD=33836.1  dead=25165  τ=0.1362  val=67033.2  (22.6s)
  ep  50/100  D=66781.9  ppl=36.0  R=778.83b/t  λD=33391.0  dead=25707  τ=0.0984  val=66196.8  (22.7s)
  ep  60/100  D=66168.4  ppl=36.0  R=771.10b/t  λD=33084.2  dead=26021  τ=0.0711  val=65637.5  (22.6s)
  ep  70/100  D=65732.0  ppl=36.0  R=766.33b/t  λD=32866.0  dead=26168  τ=0.0513  val=65254.7  (22.4s)
  ep  80/100  D=65441.3  ppl=36.0  R=763.85b/t  λD=32720.7  dead=26236  τ=0.0371  val=65022.1  (22.4s)
  ep  90/100  D=65274.6  ppl=36.0  R=762.86b/t  λD=32637.3  dead=26266  τ=0.0268  val=64889.8  (22.3s)
  ep  99/100  D=65208.7  ppl=36.0  R=762.61b/t  λD=32604.4  dead=26269  τ=0.0200  val=64843.5  (22.2s)
  Codec training: 2304.1s
  * Codec Acc = 0.7520 (d=-0.0300)
  * Codec ΔL_ref = 65731.6 (d=+16809.7)
  Computing train histogram PMF...
  * Rate: xent=762.87  xent_train=653.75  H_emp=653.20  max=1024  rANS=762.95  rANS_train=655.46  bits/token

============================================================
  Summary: blk20 K=256 emb=8  bt=1024
  bits/token: OPQ=1024 (G=128)  codec=1024 (G=128)
  Standard OPQ  Acc=0.7820  ΔL_ref=48922.0
  Codec         Acc=0.7520  ΔL_ref=65731.6
  Δ(Acc)=-0.0300  Δ(ΔL_ref)=+16809.7
  Rate: xent=762.87  xent_train=653.75  H_emp=653.20  max=1024  rANS=762.95 bits/token
  Train time: std=44.0s  codec=2304.1s
============================================================

Results saved: /data4/workspace/zlt/featcodec/coding/vq/v3.4/results/soft_pq/clip_vitl14/blk20_K256_emb8_bt1024_ws_lmbda0.5_tau0.5_lr0.0001_ep100_n5000_s42.json
