
######################################################################
# Feature Codec Experiment (OrthogonalTransform + PQ)
# layer=blk20 (idx=20), K=256, emb=8, bt=1024
# transform: all trainable
# epochs=200, lr=0.0003, λ=0.5, τ=0.5→0.005
# max_train=5000, batch=32
# 2026-02-24 13:56:14
######################################################################

Data: train=5000, test=500
  并行加载特征 (workers=16)...
Loading:   0%|          | 0/5000 [00:00<?, ?it/s]Loading:  23%|██▎       | 1152/5000 [00:00<00:00, 11508.95it/s]Loading:  46%|████▌     | 2303/5000 [00:00<00:00, 3072.95it/s] Loading:  58%|█████▊    | 2897/5000 [00:00<00:00, 2670.36it/s]Loading:  66%|██████▋   | 3314/5000 [00:01<00:00, 2442.05it/s]Loading:  73%|███████▎  | 3641/5000 [00:01<00:00, 2330.61it/s]Loading:  78%|███████▊  | 3922/5000 [00:01<00:00, 2209.37it/s]Loading:  83%|████████▎ | 4170/5000 [00:01<00:00, 2113.98it/s]Loading:  88%|████████▊ | 4396/5000 [00:01<00:00, 2047.85it/s]Loading:  92%|█████████▏| 4609/5000 [00:02<00:00, 1552.17it/s]Loading:  96%|█████████▋| 4823/5000 [00:02<00:00, 1648.30it/s]Loading: 100%|██████████| 5000/5000 [00:02<00:00, 2284.52it/s]
  并行加载特征 (workers=16)...
Loading:   0%|          | 0/500 [00:00<?, ?it/s]Loading:  57%|█████▋    | 283/500 [00:00<00:00, 2788.09it/s]Loading: 100%|██████████| 500/500 [00:00<00:00, 2885.07it/s]
  D=1024, D'=1024, T=257, G=128, d=8
  bits/token=1024

Loading CLIP ViT-L/14 (classnames=/data4/workspace/zlt/CPAO_cls/dataset/imagenet/classnames.txt)...
  Tail: 3 blocks (blk21..blk23) + norm

============================================================
  [Standard OPQ] baseline
============================================================
    OPQ done: MSE=0.06409823 (49.4s)
    OPQ empirical ppl=225.6 (for prior init)
  * Standard OPQ Acc = 0.7740
  * Standard OPQ ΔL_ref = 48966.7

============================================================
  [Codec] K=256, λ=0.5, bt=1024, epochs=200, τ=0.5→0.005
============================================================
  Warm-start from OPQ (transform + codebooks)
  log_prior init from OPQ empirical frequency
  Trainable params: 818,688
  Orthogonal transform: ||R'R-I||=7.72e-04
  Soft PQ: τ 0.50 → 0.0050 (exponential)
  Pre-computing teacher outputs (5000 images)...
  Teacher cache: 5.3 GB CPU (9.0s)
  ep   0/200  D=109798.5  ppl=9.9  R=835.32b/t  λD=54899.3  dead=3068  τ=0.5000  val=101911.7  (24.1s)
  ep  10/200  D=71440.2  ppl=29.8  R=778.00b/t  λD=35720.1  dead=25782  τ=0.3967  val=70346.2  (23.0s)
  ep  20/200  D=67727.3  ppl=31.5  R=717.99b/t  λD=33863.7  dead=27667  τ=0.3147  val=66939.5  (23.2s)
  ep  30/200  D=66451.3  ppl=31.7  R=684.56b/t  λD=33225.6  dead=28041  τ=0.2497  val=65731.0  (22.9s)
  ep  40/200  D=65720.6  ppl=31.8  R=666.06b/t  λD=32860.3  dead=28182  τ=0.1981  val=64982.4  (23.3s)
  ep  50/200  D=65203.4  ppl=31.9  R=655.45b/t  λD=32601.7  dead=28263  τ=0.1572  val=64506.1  (23.2s)
  ep  60/200  D=64735.3  ppl=31.9  R=648.94b/t  λD=32367.7  dead=28305  τ=0.1247  val=64010.4  (23.1s)
  ep  70/200  D=64282.3  ppl=32.0  R=644.79b/t  λD=32141.1  dead=28326  τ=0.0990  val=63626.6  (23.2s)
  ep  80/200  D=63851.2  ppl=32.0  R=641.94b/t  λD=31925.6  dead=28356  τ=0.0785  val=63212.2  (23.1s)
  ep  90/200  D=63447.9  ppl=32.0  R=640.00b/t  λD=31724.0  dead=28370  τ=0.0623  val=62805.4  (22.9s)
  ep 100/200  D=63080.4  ppl=32.0  R=638.65b/t  λD=31540.2  dead=28382  τ=0.0494  val=62465.6  (23.0s)
  ep 110/200  D=62750.0  ppl=31.9  R=637.66b/t  λD=31375.0  dead=28390  τ=0.0392  val=62174.9  (22.9s)
  ep 120/200  D=62459.9  ppl=31.9  R=636.94b/t  λD=31229.9  dead=28394  τ=0.0311  val=61915.9  (22.8s)
  ep 130/200  D=62203.5  ppl=31.9  R=636.45b/t  λD=31101.7  dead=28395  τ=0.0247  val=61691.3  (23.8s)
  ep 140/200  D=61970.4  ppl=31.9  R=636.08b/t  λD=30985.2  dead=28399  τ=0.0196  val=61496.3  (23.3s)
  ep 150/200  D=61756.2  ppl=31.9  R=635.84b/t  λD=30878.1  dead=28400  τ=0.0155  val=61302.3  (23.2s)
  ep 160/200  D=61566.4  ppl=31.9  R=635.68b/t  λD=30783.2  dead=28400  τ=0.0123  val=61156.7  (22.6s)
  ep 170/200  D=61402.1  ppl=31.9  R=635.58b/t  λD=30701.0  dead=28401  τ=0.0098  val=61007.6  (22.8s)
  ep 180/200  D=61271.7  ppl=31.9  R=635.53b/t  λD=30635.8  dead=28401  τ=0.0078  val=60911.7  (23.1s)
  ep 190/200  D=61181.4  ppl=31.9  R=635.50b/t  λD=30590.7  dead=28401  τ=0.0062  val=60836.7  (23.1s)
  ep 199/200  D=61137.6  ppl=31.9  R=635.49b/t  λD=30568.8  dead=28401  τ=0.0050  val=60807.0  (23.0s)
  Codec training: 4671.2s
  * Codec Acc = 0.7460 (d=-0.0280)
  * Codec ΔL_ref = 63503.1 (d=+14536.4)
  Computing train histogram PMF...
  * Rate: xent=635.51  xent_train=631.25  H_emp=630.76  max=1024  rANS=635.56  rANS_train=632.42  bits/token

============================================================
  Summary: blk20 K=256 emb=8  bt=1024
  bits/token: OPQ=1024 (G=128)  codec=1024 (G=128)
  Standard OPQ  Acc=0.7740  ΔL_ref=48966.7
  Codec         Acc=0.7460  ΔL_ref=63503.1
  Δ(Acc)=-0.0280  Δ(ΔL_ref)=+14536.4
  Rate: xent=635.51  xent_train=631.25  H_emp=630.76  max=1024  rANS=635.56 bits/token
  Train time: std=49.4s  codec=4671.2s
============================================================

Results saved: /data4/workspace/zlt/featcodec/coding/vq/v3.4/results/soft_pq/clip_vitl14/blk20_K256_emb8_bt1024_ws_lmbda0.5_tau0.5_lr0.0003_ep200_n5000_s42.json
