
######################################################################
# Feature Codec Experiment (OrthogonalTransform + PQ)
# layer=blk20 (idx=20), K=256, emb=16, bt=1024
# transform: all trainable
# epochs=100, lr=0.0001, λ=0.5, τ=0.5→0.02
# max_train=5000, batch=32
# 2026-02-24 18:03:28
######################################################################

Data: train=5000, test=500
  并行加载特征 (workers=16)...
Loading:   0%|          | 0/5000 [00:00<?, ?it/s]Loading:  57%|█████▋    | 2860/5000 [00:00<00:00, 28369.05it/s]Loading: 100%|██████████| 5000/5000 [00:01<00:00, 4978.87it/s] 
  并行加载特征 (workers=16)...
Loading:   0%|          | 0/500 [00:00<?, ?it/s]Loading: 100%|██████████| 500/500 [00:00<00:00, 103655.20it/s]
  D=1024, D'=1024, T=257, G=64, d=16
  bits/token=512

Loading CLIP ViT-L/14 (classnames=/data4/workspace/zlt/CPAO_cls/dataset/imagenet/classnames.txt)...
  Tail: 3 blocks (blk21..blk23) + norm

============================================================
  [Standard OPQ] baseline
============================================================
    OPQ done: MSE=0.12281611 (46.4s)
    OPQ empirical ppl=224.0 (for prior init)
  * Standard OPQ Acc = 0.7400
  * Standard OPQ ΔL_ref = 85280.9

============================================================
  [Codec] K=256, λ=0.5, bt=1024, epochs=100, τ=0.5→0.02
============================================================
  Warm-start from OPQ (transform + codebooks)
  log_prior init from OPQ empirical frequency
  Trainable params: 802,304
  Orthogonal transform: ||R'R-I||=9.15e-04
  Soft PQ: τ 0.50 → 0.0200 (exponential)
  Pre-computing teacher outputs (5000 images)...
  Teacher cache: 5.3 GB CPU (10.4s)
  ep   0/100  D=124140.1  ppl=14.5  R=407.69b/t  λD=62070.1  dead=151  τ=0.5000  val=115608.4  (17.8s)
  ep  10/100  D=96081.5  ppl=46.0  R=434.66b/t  λD=48040.7  dead=711  τ=0.3612  val=94668.7  (17.2s)
  ep  20/100  D=89786.8  ppl=60.2  R=437.16b/t  λD=44893.4  dead=1642  τ=0.2610  val=88878.9  (17.3s)
  ep  30/100  D=87134.3  ppl=64.6  R=434.43b/t  λD=43567.2  dead=2574  τ=0.1885  val=86333.0  (17.3s)
  ep  40/100  D=85691.1  ppl=66.0  R=430.90b/t  λD=42845.6  dead=3413  τ=0.1362  val=84899.3  (17.3s)
  ep  50/100  D=84785.4  ppl=66.4  R=427.85b/t  λD=42392.7  dead=4035  τ=0.0984  val=84039.6  (17.3s)
  ep  60/100  D=84167.5  ppl=66.5  R=425.66b/t  λD=42083.8  dead=4412  τ=0.0711  val=83482.8  (17.3s)
  ep  70/100  D=83747.2  ppl=66.5  R=424.29b/t  λD=41873.6  dead=4608  τ=0.0513  val=83118.2  (17.1s)
  ep  80/100  D=83471.1  ppl=66.5  R=423.59b/t  λD=41735.5  dead=4689  τ=0.0371  val=82892.7  (17.3s)
  ep  90/100  D=83305.4  ppl=66.5  R=423.31b/t  λD=41652.7  dead=4704  τ=0.0268  val=82765.9  (17.5s)
  ep  99/100  D=83235.9  ppl=66.5  R=423.24b/t  λD=41617.9  dead=4691  τ=0.0200  val=82718.9  (17.5s)
  Codec training: 1786.5s
  * Codec Acc = 0.7220 (d=-0.0180)
  * Codec ΔL_ref = 83520.9 (d=-1760.0)
  Computing train histogram PMF...
  * Rate: xent=423.35  xent_train=381.83  H_emp=381.23  max=512  rANS=423.44  rANS_train=382.13  bits/token

============================================================
  Summary: blk20 K=256 emb=16  bt=1024
  bits/token: OPQ=512 (G=64)  codec=512 (G=64)
  Standard OPQ  Acc=0.7400  ΔL_ref=85280.9
  Codec         Acc=0.7220  ΔL_ref=83520.9
  Δ(Acc)=-0.0180  Δ(ΔL_ref)=-1760.0
  Rate: xent=423.35  xent_train=381.83  H_emp=381.23  max=512  rANS=423.44 bits/token
  Train time: std=46.4s  codec=1786.5s
============================================================

Results saved: /data4/workspace/zlt/featcodec/coding/vq/v3.4/results/soft_pq/clip_vitl14/blk20_K256_emb16_bt1024_ws_lmbda0.5_tau0.5_lr0.0001_ep100_n5000_s42.json
