
######################################################################
# Figure 2: Per-group sensitivity analysis
# layer=blk10, K=16, emb=32
# 2026-02-25 18:07:26
######################################################################
  Data: train=5000, test=500
  并行加载特征 (workers=8)...
Loading:   0%|          | 0/5000 [00:00<?, ?it/s]Loading:   7%|▋         | 336/5000 [00:00<00:01, 3358.15it/s]Loading:  13%|█▎        | 672/5000 [00:00<00:01, 3342.83it/s]Loading:  20%|██        | 1019/5000 [00:00<00:01, 3399.55it/s]Loading:  27%|██▋       | 1359/5000 [00:00<00:01, 3347.44it/s]Loading:  34%|███▍      | 1694/5000 [00:00<00:00, 3317.07it/s]Loading:  41%|████      | 2026/5000 [00:00<00:00, 3128.83it/s]Loading:  47%|████▋     | 2341/5000 [00:00<00:00, 3112.48it/s]Loading:  53%|█████▎    | 2654/5000 [00:00<00:00, 3084.65it/s]Loading:  59%|█████▉    | 2967/5000 [00:00<00:00, 3096.39it/s]Loading:  66%|██████▌   | 3278/5000 [00:01<00:00, 3079.27it/s]Loading:  72%|███████▏  | 3590/5000 [00:01<00:00, 3076.96it/s]Loading:  78%|███████▊  | 3900/5000 [00:01<00:00, 3069.59it/s]Loading:  84%|████████▍ | 4208/5000 [00:01<00:00, 3001.84it/s]Loading:  90%|█████████ | 4509/5000 [00:01<00:00, 3002.60it/s]Loading:  97%|█████████▋| 4829/5000 [00:01<00:00, 3046.70it/s]Loading: 100%|██████████| 5000/5000 [00:01<00:00, 3116.76it/s]
  并行加载特征 (workers=8)...
Loading:   0%|          | 0/500 [00:00<?, ?it/s]Loading:  65%|██████▍   | 323/500 [00:00<00:00, 3224.72it/s]Loading: 100%|██████████| 500/500 [00:00<00:00, 3322.34it/s]
  Loading DINOv2 ViT-L/14...

  Computing OPQ (K=16, G=32, d=32)...
  OPQ group MSE: mean=12.518973, σ_ref=0.6255, σ²d=12.518973

  Loading learned codec: checkpoints/dinov2_vitl14/blk10_K16_emb32_bt1024_ws_lmbda0.5_tau0.5_lr0.0003_ep100_n5000_s42.pt
  Learned R extracted (orth err=2.92e-03)

  === Sensitivity: identity ===
    ΔL_ref: max=3934.1  min=1480.4  mean=2173.4  max/min=2.7
    Top-5: [27, 0, 14, 30, 17]  values: [3934.109265625, 3627.0857734375, 3210.373109375, 2968.7915390625, 2815.8896640625]
    Bot-5: [12, 29, 13, 4, 3]  values: [1601.73326171875, 1594.6608203125, 1529.3970859375, 1526.58268359375, 1480.38608984375]
    Time: 43.2s

  === Sensitivity: opq ===
    ΔL_ref: max=3090.3  min=1832.8  mean=2169.9  max/min=1.7
    Top-5: [12, 25, 2, 6, 0]  values: [3090.296375, 2905.4511640625, 2768.4700390625, 2371.763703125, 2328.2010078125]
    Bot-5: [29, 28, 22, 11, 17]  values: [1925.25411328125, 1918.48865625, 1902.1673359375, 1843.622171875, 1832.82197265625]
    Time: 43.5s

  === Sensitivity: learned ===
    ΔL_ref: max=3183.9  min=1898.9  mean=2175.8  max/min=1.7
    Top-5: [25, 12, 4, 3, 2]  values: [3183.8820859375, 2608.681171875, 2408.6720546875, 2399.120984375, 2363.186828125]
    Bot-5: [30, 15, 31, 11, 17]  values: [2000.492875, 1974.0428828125, 1968.121796875, 1921.137109375, 1898.910625]
    Time: 43.6s

  Saved: /data4/workspace/zlt/featcodec/coding/vq/v3.4/results/analysis_intro/sensitivity_blk10_K16_emb32.json
