/home/user/anaconda3/envs/featcodec2/lib/python3.9/site-packages/torchvision/datapoints/__init__.py:12: UserWarning: The torchvision.datapoints and torchvision.transforms.v2 namespaces are still Beta. While we do not expect major breaking changes, some APIs may still change according to user feedback. Please submit any feedback you may have in this issue: https://github.com/pytorch/vision/issues/6753, and you can also check out https://github.com/pytorch/vision/issues/7319 to learn more about the APIs that we suspect might involve future changes. You can silence this warning by calling torchvision.disable_beta_transforms_warning().
  warnings.warn(_BETA_TRANSFORMS_WARNING)
/home/user/anaconda3/envs/featcodec2/lib/python3.9/site-packages/torchvision/transforms/v2/__init__.py:54: UserWarning: The torchvision.datapoints and torchvision.transforms.v2 namespaces are still Beta. While we do not expect major breaking changes, some APIs may still change according to user feedback. Please submit any feedback you may have in this issue: https://github.com/pytorch/vision/issues/6753, and you can also check out https://github.com/pytorch/vision/issues/7319 to learn more about the APIs that we suspect might involve future changes. You can silence this warning by calling torchvision.disable_beta_transforms_warning().
  warnings.warn(_BETA_TRANSFORMS_WARNING)

######################################################################
# Scalable codec: frozen base (tail-MSE) + task residual
# layer=blk05 (idx=5)  backbone=dinov2_vitl14  task=seg
# base_ckpt=blk05_K8_emb32_bt1024_ws_lmbda0.5_tau0.5_lr0.0003_ep100_n5000_s42.pt
# residual: K=2, emb=32, transform=orthogonal, loss=task  shareR  freezeR
# epochs=50, lr=0.0003, lmbda_rate=0.0, ecvq_lmbda=0.0, lmbda_kd=1.0, beta_mse=0.0
# 2026-08-29 08:59:06
######################################################################

Data: train=10000 in /data4/workspace/zlt/featcodec/features/train/dinov2_vitl14_voc/blk05  (path-mode=True)
  path-mode lazy train=9950, val=50 (preloaded)  D=1024, T=1370

Loading DINOv2 (dinov2_vitl14)...
  Tail: 18 blocks (blk6..blk23) + norm
  分割头已加载: /data4/workspace/zlt/featcodec/ORFC/pretrained/dinov2_vitl14_voc2012_linear_head.pth
  Task head: VOC2012 segmentation (BN + 1x1 conv, 21 classes)  token_hw=(37, 37)

============================================================
  [Base] frozen codec from stage 1 (tail-MSE optimised)
============================================================
  base: G=32, K=8, d=32, transform=OrthogonalTransform, fixed rate=96 bits/token
  residual: G=32, K=2, d=32, fixed rate=32 bits/token
  Shared ORFC R: copied Cayley params, ||R_res-R_base||=0.00e+00, ||R'R-I||=4.72e-04

  Collecting residuals R = Y - Ŷ_base for initialisation (≤62,500 vectors)...
