/home/user/anaconda3/envs/featcodec2/lib/python3.9/site-packages/torchvision/datapoints/__init__.py:12: UserWarning: The torchvision.datapoints and torchvision.transforms.v2 namespaces are still Beta. While we do not expect major breaking changes, some APIs may still change according to user feedback. Please submit any feedback you may have in this issue: https://github.com/pytorch/vision/issues/6753, and you can also check out https://github.com/pytorch/vision/issues/7319 to learn more about the APIs that we suspect might involve future changes. You can silence this warning by calling torchvision.disable_beta_transforms_warning().
  warnings.warn(_BETA_TRANSFORMS_WARNING)
/home/user/anaconda3/envs/featcodec2/lib/python3.9/site-packages/torchvision/transforms/v2/__init__.py:54: UserWarning: The torchvision.datapoints and torchvision.transforms.v2 namespaces are still Beta. While we do not expect major breaking changes, some APIs may still change according to user feedback. Please submit any feedback you may have in this issue: https://github.com/pytorch/vision/issues/6753, and you can also check out https://github.com/pytorch/vision/issues/7319 to learn more about the APIs that we suspect might involve future changes. You can silence this warning by calling torchvision.disable_beta_transforms_warning().
  warnings.warn(_BETA_TRANSFORMS_WARNING)

######################################################################
# Scalable codec: frozen base (tail-MSE) + task residual
# layer=blk05 (idx=5)  backbone=dinov2_vitl14  task=depth
# base_ckpt=blk05_K4_emb32_bt1024_ws_lmbda0.5_tau0.5_lr0.0003_ep100_n5000_s42.pt
# residual: K=2, emb=32, transform=orthogonal, loss=task  shareR  freezeR
# epochs=50, lr=0.0003, lmbda_rate=0.0, ecvq_lmbda=0.0, lmbda_kd=1.0, beta_mse=0.0
# 2026-08-27 15:33:13
######################################################################

Data: train=5000 in /data4/workspace/zlt/featcodec/ORFC/features/train/dinov2_vitl14_ade/blk05  (path-mode=True)
  path-mode lazy train=4950, val=50 (preloaded)  D=1024, T=1814

Loading DINOv2 (dinov2_vitl14)...
  Tail: 18 blocks (blk6..blk23) + norm
  深度头已加载: /data4/workspace/zlt/cache/torch/hub/checkpoints/dinov2_vitl14_nyu_linear_head.pth  (BNHead, n_bins=256)
  Task head: NYU depth (BNHead bin logits, no final norm)  token_hw=(37, 49)

============================================================
  [Base] frozen codec from stage 1 (tail-MSE optimised)
============================================================
  base: G=32, K=4, d=32, transform=OrthogonalTransform, fixed rate=64 bits/token
  residual: G=32, K=2, d=32, fixed rate=32 bits/token
  Shared ORFC R: copied Cayley params, ||R_res-R_base||=0.00e+00, ||R'R-I||=7.61e-04

  Collecting residuals R = Y - Ŷ_base for initialisation (≤62,500 vectors)...
  residual vectors: (62494, 1024), mean square = 0.783527
  Residual init: k-means on 62,494 residual vectors (residual-transform space)

============================================================
  [Residual] training under 'task' loss
============================================================
  Base codec: 528,000 params (frozen), G=32, K=4, d=32
  Residual codec: G=32, K=2, d=32, 2,048 trainable params
  Frozen: residual transform
  Residual transform ||R'R-I||=7.61e-04
  Loss: 1.0*KD(T=2.0)
  Soft PQ: τ 0.500 → 0.0050 (exponential)
  Features: path-mode lazy load (4950 files, T=1814, D=1024)
  Pre-computing teacher logits (4950 images, path-mode)...
  Teacher logits: (4950, 256, 37, 49)  9.19 GB CPU  (228.0s)
  CUDA before train: alloc=1.27GB reserved=1.28GB peak_alloc=1.27GB peak_reserved=1.28GB
  CUDA after first backward: alloc=1.37GB reserved=7.19GB peak_alloc=7.07GB peak_reserved=7.19GB
  ep   0/50  D=1.8383  ppl=2.0  dead=0  τ=0.5000  val=1.8380  val_agree=0.577  (621.3s)
  CUDA after ep 0: alloc=1.28GB reserved=7.31GB peak_alloc=7.07GB peak_reserved=7.31GB
