/home/user/anaconda3/envs/featcodec2/lib/python3.9/site-packages/torchvision/datapoints/__init__.py:12: UserWarning: The torchvision.datapoints and torchvision.transforms.v2 namespaces are still Beta. While we do not expect major breaking changes, some APIs may still change according to user feedback. Please submit any feedback you may have in this issue: https://github.com/pytorch/vision/issues/6753, and you can also check out https://github.com/pytorch/vision/issues/7319 to learn more about the APIs that we suspect might involve future changes. You can silence this warning by calling torchvision.disable_beta_transforms_warning().
  warnings.warn(_BETA_TRANSFORMS_WARNING)
/home/user/anaconda3/envs/featcodec2/lib/python3.9/site-packages/torchvision/transforms/v2/__init__.py:54: UserWarning: The torchvision.datapoints and torchvision.transforms.v2 namespaces are still Beta. While we do not expect major breaking changes, some APIs may still change according to user feedback. Please submit any feedback you may have in this issue: https://github.com/pytorch/vision/issues/6753, and you can also check out https://github.com/pytorch/vision/issues/7319 to learn more about the APIs that we suspect might involve future changes. You can silence this warning by calling torchvision.disable_beta_transforms_warning().
  warnings.warn(_BETA_TRANSFORMS_WARNING)

######################################################################
# Scalable codec: frozen base (tail-MSE) + task residual
# layer=blk20 (idx=20)  backbone=dinov2_vitl14  task=depth
# base_ckpt=blk20_K16_emb32_bt1024_ws_lmbda0.5_tau0.5_lr0.0005_ep100_n5000_s42.pt
# residual: K=2, emb=32, transform=orthogonal, loss=task  shareR  freezeR
# epochs=50, lr=0.0003, lmbda_rate=0.0, ecvq_lmbda=0.0, lmbda_kd=1.0, beta_mse=0.0
# 2026-08-27 15:29:52
######################################################################

Data: train=5000 in /data4/workspace/zlt/featcodec/ORFC/features/train/dinov2_vitl14_ade/blk20  (path-mode=True)
  path-mode lazy train=4950, val=50 (preloaded)  D=1024, T=1814

Loading DINOv2 (dinov2_vitl14)...
  Tail: 3 blocks (blk21..blk23) + norm
  深度头已加载: /data4/workspace/zlt/cache/torch/hub/checkpoints/dinov2_vitl14_nyu_linear_head.pth  (BNHead, n_bins=256)
  Task head: NYU depth (BNHead bin logits, no final norm)  token_hw=(37, 49)

============================================================
  [Base] frozen codec from stage 1 (tail-MSE optimised)
============================================================
  base: G=32, K=16, d=32, transform=OrthogonalTransform, fixed rate=128 bits/token
  residual: G=32, K=2, d=32, fixed rate=32 bits/token
  Shared ORFC R: copied Cayley params, ||R_res-R_base||=0.00e+00, ||R'R-I||=1.49e-03

  Collecting residuals R = Y - Ŷ_base for initialisation (≤62,500 vectors)...
